ui_task.c:57:6:UI_TaskInit	64	static
ui_task.c:77:6:UI_Scheduler	0	static
ui_task.c:95:6:UI_DACUpdate	16	static
ui_task.c:103:6:MC_SetDAC	0	static
ui_task.c:108:6:MC_SetUserDAC	0	static
ui_task.c:113:15:GetDAC	0	static
ui_task.c:118:16:GetMCP	0	static
ui_task.c:123:6:UI_IdleTimeHasElapsed	0	static
ui_task.c:133:6:UI_SetIdleTime	0	static
ui_task.c:138:6:UI_SerialCommunicationTimeOutHasElapsed	0	static
ui_task.c:149:6:UI_SerialCommunicationATRTimeHasElapsed	0	static
ui_task.c:160:6:UI_SerialCommunicationTimeOutStop	0	static
ui_task.c:165:6:UI_SerialCommunicationTimeOutStart	0	static
ui_task.c:170:6:UI_HandleStartStopButton_cb	8	static
