user_interface.c:61:6:UI_Init	8	static
user_interface.c:77:6:UI_SelectMC	0	static
user_interface.c:96:9:UI_GetSelectedMC	0	static
user_interface.c:108:10:UI_GetSelectedMCConfig	0	static
user_interface.c:118:15:UI_GetCurrentMCT	0	static
user_interface.c:131:6:UI_SetReg	32	static
user_interface.c:361:9:UI_GetReg	136	static
user_interface.c:906:6:UI_ExecCmd	8	static
user_interface.c:987:6:UI_ExecSpeedRamp	8	static
user_interface.c:1006:6:UI_ExecTorqueRamp	8	static
user_interface.c:1031:6:UI_GetRevupData	24	static
user_interface.c:1062:6:UI_SetRevupData	24	static
user_interface.c:1083:6:UI_SetCurrentReferences	16	static
user_interface.c:1102:6:UI_GetMPInfo	0	static
user_interface.c:1112:6:UI_DACInit	0	static
user_interface.c:1125:6:UI_DACExec	0	static
user_interface.c:1143:6:UI_SetDAC	0	static
user_interface.c:1160:19:UI_GetDAC	0	static
user_interface.c:1177:6:UI_SetUserDAC	0	static
