stm32f3xx_hal_dac_ex.c:1071:13:DAC_DMAErrorCh1	8	static
stm32f3xx_hal_dac_ex.c:1059:13:DAC_DMAHalfConvCpltCh1	0	static
stm32f3xx_hal_dac_ex.c:1045:13:DAC_DMAConvCpltCh1	8	static
stm32f3xx_hal_dac_ex.c:128:19:HAL_DAC_SetValue	16	static
stm32f3xx_hal_dac_ex.c:319:19:HAL_DAC_Start	4	static
stm32f3xx_hal_dac_ex.c:509:19:HAL_DAC_Start_DMA	24	static
stm32f3xx_hal_dac_ex.c:623:10:HAL_DAC_GetValue	0	static
stm32f3xx_hal_dac_ex.c:641:10:HAL_DACEx_DualGetValue	0	static
stm32f3xx_hal_dac_ex.c:738:6:HAL_DAC_IRQHandler	4	static
stm32f3xx_hal_dac_ex.c:779:19:HAL_DAC_ConfigChannel	12	static
stm32f3xx_hal_dac_ex.c:878:19:HAL_DACEx_TriangleWaveGenerate	8	static
stm32f3xx_hal_dac_ex.c:927:19:HAL_DACEx_NoiseWaveGenerate	8	static
