r3_1_f30x_pwm_curr_fdbk.c:512:6:R3_1_F30X_GetPhaseCurrents	20	static
r3_1_f30x_pwm_curr_fdbk.c:720:13:R3_1_F30X_HFCurrentsCalibrationAB	12	static
r3_1_f30x_pwm_curr_fdbk.c:747:13:R3_1_F30X_HFCurrentsCalibrationC	4	static
r3_1_f30x_pwm_curr_fdbk.c:771:6:R3_1_F30X_TurnOnLowSides	12	static
r3_1_f30x_pwm_curr_fdbk.c:807:6:R3_1_F30X_SwitchOnPWM	20	static
r3_1_f30x_pwm_curr_fdbk.c:867:6:R3_1_F30X_SwitchOffPWM	16	static
r3_1_f30x_pwm_curr_fdbk.c:1448:10:R3_1_F30X_SetADCSampPointSect6	20	static
r3_1_f30x_pwm_curr_fdbk.c:1922:6:R3_1_F30X_RLGetPhaseCurrents	12	static
r3_1_f30x_pwm_curr_fdbk.c:1989:6:R3_1_F30X_RLTurnOnLowSides	12	static
r3_1_f30x_pwm_curr_fdbk.c:2023:6:R3_1_F30X_RLSwitchOnPWM	16	static
r3_1_f30x_pwm_curr_fdbk.c:1002:10:R3_1_F30X_SetADCSampPointCalibration	20	static
r3_1_f30x_pwm_curr_fdbk.c:1025:10:R3_1_F30X_SetADCSampPointSect1	20	static
r3_1_f30x_pwm_curr_fdbk.c:1110:10:R3_1_F30X_SetADCSampPointSect2	20	static
r3_1_f30x_pwm_curr_fdbk.c:1194:10:R3_1_F30X_SetADCSampPointSect3	20	static
r3_1_f30x_pwm_curr_fdbk.c:1278:10:R3_1_F30X_SetADCSampPointSect4	20	static
r3_1_f30x_pwm_curr_fdbk.c:1362:10:R3_1_F30X_SetADCSampPointSect5	20	static
r3_1_f30x_pwm_curr_fdbk.c:124:6:R3_1_F30X_Init	40	static
r3_1_f30x_pwm_curr_fdbk.c:376:6:R3_1_F30X_CurrentReadingCalibration	24	static
r3_1_f30x_pwm_curr_fdbk.c:1532:8:R3_1_F30X_TIMx_UP_IRQHandler	0	static
r3_1_f30x_pwm_curr_fdbk.c:1549:8:R3_1_F30X_BRK2_IRQHandler	12	static
r3_1_f30x_pwm_curr_fdbk.c:1577:8:R3_1_F30X_BRK_IRQHandler	0	static
r3_1_f30x_pwm_curr_fdbk.c:1592:10:R3_1_F30X_ExecRegularConv	8	static
r3_1_f30x_pwm_curr_fdbk.c:1619:6:R3_1_F30X_ADC_SetSamplingTime	16	static
r3_1_f30x_pwm_curr_fdbk.c:1664:10:R3_1_F30X_IsOverCurrentOccurred	0	static
r3_1_f30x_pwm_curr_fdbk.c:1690:6:R3_1_F30X_RLDetectionModeEnable	16	static
r3_1_f30x_pwm_curr_fdbk.c:1770:6:R3_1_F30X_RLDetectionModeDisable	16	static
r3_1_f30x_pwm_curr_fdbk.c:1873:10:R3_1_F30X_RLDetectionModeSetDuty	12	static
r3_1_f30x_pwm_curr_fdbk.c:2118:6:RLTurnOnLowSidesAndStart	20	static
r3_1_f30x_pwm_curr_fdbk.c:2162:6:RLSetADCSampPoint	0	static
