Archive member included to satisfy reference by file (symbol)

../../../MCSDK_v5.3.3/MotorControl/lib\libmc-truestudio_M4.lib(feed_forward_ctrl.o)
                              Application\User\mc_tasks.o (FF_Init)
../../../MCSDK_v5.3.3/MotorControl/lib\libmc-truestudio_M4.lib(sto_pll_speed_pos_fdbk.o)
                              Application\User\mc_tasks.o (STO_PLL_Init)
../../../MCSDK_v5.3.3/MotorControl/lib\libmc-truestudio_M4.lib(revup_ctrl.o)
                              Application\User\mc_tasks.o (RUC_Init)
c:/program files (x86)/atollic/truestudio for stm32 9.1.0/armtools/bin/../lib/gcc/arm-atollic-eabi/6.3.1/../../../../arm-atollic-eabi/lib/armv7e-m/fpu\libc_nano.a(lib_a-errno.o)
                              Application\TrueSTUDIO\syscalls.o (__errno)
c:/program files (x86)/atollic/truestudio for stm32 9.1.0/armtools/bin/../lib/gcc/arm-atollic-eabi/6.3.1/../../../../arm-atollic-eabi/lib/armv7e-m/fpu\libc_nano.a(lib_a-impure.o)
                              c:/program files (x86)/atollic/truestudio for stm32 9.1.0/armtools/bin/../lib/gcc/arm-atollic-eabi/6.3.1/../../../../arm-atollic-eabi/lib/armv7e-m/fpu\libc_nano.a(lib_a-errno.o) (_impure_ptr)
c:/program files (x86)/atollic/truestudio for stm32 9.1.0/armtools/bin/../lib/gcc/arm-atollic-eabi/6.3.1/../../../../arm-atollic-eabi/lib/armv7e-m/fpu\libc_nano.a(lib_a-init.o)
                              Application\TrueSTUDIO\startup_stm32f302x8.o (__libc_init_array)
c:/program files (x86)/atollic/truestudio for stm32 9.1.0/armtools/bin/../lib/gcc/arm-atollic-eabi/6.3.1/../../../../arm-atollic-eabi/lib/armv7e-m/fpu\libc_nano.a(lib_a-memset.o)
                              Application\User\main.o (memset)

Allocating common symbols
Common symbol       size              file

pOCPDisabling       0x4               Application\User\mc_tasks.o
pFF                 0x4               Application\User\mc_tasks.o
pTemperatureSensor  0x4               Application\User\mc_tasks.o
pwmcHandle          0x4               Application\User\mc_tasks.o
pPIDSpeed           0x4               Application\User\mc_tasks.o
pPIDIq              0x4               Application\User\mc_tasks.o
oMCInterface        0x4               Application\User\mc_tasks.o
pR_Brake            0x4               Application\User\mc_tasks.o
FOCVars             0x26              Application\User\mc_tasks.o
MCT                 0x50              Application\User\mc_tasks.o
uwTick              0x4               Drivers\STM32F3xx_HAL_Driver\stm32f3xx_hal.o
pCLM                0x4               Application\User\mc_tasks.o
pFlash              0x20              Drivers\STM32F3xx_HAL_Driver\stm32f3xx_hal_flash.o
RCM_UserConvHandle  0x1               Application\User\regular_conversion_manager.o
pMCI                0x4               Application\User\motorcontrol.o
pBusSensorM1        0x4               Application\User\mc_tasks.o
Mci                 0x1c              Application\User\mc_tasks.o
RCM_CB_array        0x20              Application\User\regular_conversion_manager.o
hadc1               0x54              Application\User\main.o
STM                 0x6               Application\User\mc_tasks.o
RCM_UserConvState   0x1               Application\User\regular_conversion_manager.o
pREMNG              0x4               Application\User\mc_tasks.o
hdac                0x14              Application\User\main.o
RCM_handle_array    0x10              Application\User\regular_conversion_manager.o
pMPM                0x4               Application\User\mc_tasks.o
htim1               0x40              Application\User\main.o
RCM_UserConvValue   0x2               Application\User\regular_conversion_manager.o
pPIDId              0x4               Application\User\mc_tasks.o
pMCT                0x4               Application\User\motorcontrol.o
huart2              0x70              Application\User\main.o
pSTC                0x4               Application\User\mc_tasks.o
MCP_UI_Params       0xcc              Application\User\ui_task.o
RealBusVoltageSensorFilterBufferM1
                    0xc               Application\User\mc_config.o

Discarded input sections

 .text          0x00000000        0x0 c:/program files (x86)/atollic/truestudio for stm32 9.1.0/armtools/bin/../lib/gcc/arm-atollic-eabi/6.3.1/armv7e-m/fpu/crti.o
 .data          0x00000000        0x0 c:/program files (x86)/atollic/truestudio for stm32 9.1.0/armtools/bin/../lib/gcc/arm-atollic-eabi/6.3.1/armv7e-m/fpu/crti.o
 .bss           0x00000000        0x0 c:/program files (x86)/atollic/truestudio for stm32 9.1.0/armtools/bin/../lib/gcc/arm-atollic-eabi/6.3.1/armv7e-m/fpu/crti.o
 .data          0x00000000        0x4 c:/program files (x86)/atollic/truestudio for stm32 9.1.0/armtools/bin/../lib/gcc/arm-atollic-eabi/6.3.1/armv7e-m/fpu/crtbegin.o
 .text          0x00000000       0x14 Application\TrueSTUDIO\startup_stm32f302x8.o
 .data          0x00000000        0x0 Application\TrueSTUDIO\startup_stm32f302x8.o
[...]
Memory Configuration

Name             Origin             Length             Attributes
RAM              0x20000000         0x00004000         xrw
FLASH            0x08000000         0x00010000         xr
*default*        0x00000000         0xffffffff

Linker script and memory map

LOAD c:/program files (x86)/atollic/truestudio for stm32 9.1.0/armtools/bin/../lib/gcc/arm-atollic-eabi/6.3.1/armv7e-m/fpu/crti.o
LOAD c:/program files (x86)/atollic/truestudio for stm32 9.1.0/armtools/bin/../lib/gcc/arm-atollic-eabi/6.3.1/armv7e-m/fpu/crtbegin.o
LOAD Application\TrueSTUDIO\startup_stm32f302x8.o
LOAD Application\TrueSTUDIO\syscalls.o
LOAD Application\User\main.o
LOAD Application\User\mc_api.o
LOAD Application\User\mc_config.o
LOAD Application\User\mc_parameters.o
LOAD Application\User\mc_tasks.o
LOAD Application\User\motor_control_protocol.o
LOAD Application\User\motorcontrol.o
LOAD Application\User\regular_conversion_manager.o
LOAD Application\User\stm32f30x_mc_it.o
LOAD Application\User\stm32f3xx_hal_msp.o
LOAD Application\User\stm32f3xx_it.o
LOAD Application\User\ui_task.o
LOAD Application\User\user_interface.o
LOAD Drivers\CMSIS\system_stm32f3xx.o
LOAD Drivers\STM32F3xx_HAL_Driver\stm32f3xx_hal.o
LOAD Drivers\STM32F3xx_HAL_Driver\stm32f3xx_hal_adc.o
LOAD Drivers\STM32F3xx_HAL_Driver\stm32f3xx_hal_adc_ex.o
LOAD Drivers\STM32F3xx_HAL_Driver\stm32f3xx_hal_cortex.o
LOAD Drivers\STM32F3xx_HAL_Driver\stm32f3xx_hal_dac.o
LOAD Drivers\STM32F3xx_HAL_Driver\stm32f3xx_hal_dac_ex.o
LOAD Drivers\STM32F3xx_HAL_Driver\stm32f3xx_hal_dma.o
LOAD Drivers\STM32F3xx_HAL_Driver\stm32f3xx_hal_flash.o
LOAD Drivers\STM32F3xx_HAL_Driver\stm32f3xx_hal_flash_ex.o
LOAD Drivers\STM32F3xx_HAL_Driver\stm32f3xx_hal_gpio.o
LOAD Drivers\STM32F3xx_HAL_Driver\stm32f3xx_hal_i2c.o
LOAD Drivers\STM32F3xx_HAL_Driver\stm32f3xx_hal_i2c_ex.o
LOAD Drivers\STM32F3xx_HAL_Driver\stm32f3xx_hal_pwr.o
LOAD Drivers\STM32F3xx_HAL_Driver\stm32f3xx_hal_pwr_ex.o
LOAD Drivers\STM32F3xx_HAL_Driver\stm32f3xx_hal_rcc.o
LOAD Drivers\STM32F3xx_HAL_Driver\stm32f3xx_hal_rcc_ex.o
LOAD Drivers\STM32F3xx_HAL_Driver\stm32f3xx_hal_tim.o
LOAD Drivers\STM32F3xx_HAL_Driver\stm32f3xx_hal_tim_ex.o
LOAD Drivers\STM32F3xx_HAL_Driver\stm32f3xx_hal_uart.o
LOAD Drivers\STM32F3xx_HAL_Driver\stm32f3xx_hal_uart_ex.o
LOAD Middlewares\MotorControl\bus_voltage_sensor.o
LOAD Middlewares\MotorControl\circle_limitation.o
LOAD Middlewares\MotorControl\dac_common_ui.o
LOAD Middlewares\MotorControl\dac_ui.o
LOAD Middlewares\MotorControl\digital_output.o
LOAD Middlewares\MotorControl\frame_communication_protocol.o
LOAD Middlewares\MotorControl\mc_interface.o
LOAD Middlewares\MotorControl\mc_irq_handler.o
LOAD Middlewares\MotorControl\mc_math.o
LOAD Middlewares\MotorControl\motor_power_measurement.o
LOAD Middlewares\MotorControl\ntc_temperature_sensor.o
LOAD Middlewares\MotorControl\open_loop.o
LOAD Middlewares\MotorControl\pid_regulator.o
LOAD Middlewares\MotorControl\pqd_motor_power_measurement.o
LOAD Middlewares\MotorControl\pwm_common.o
LOAD Middlewares\MotorControl\pwm_curr_fdbk.o
LOAD Middlewares\MotorControl\r3_1_f30x_pwm_curr_fdbk.o
LOAD Middlewares\MotorControl\r_divider_bus_voltage_sensor.o
LOAD Middlewares\MotorControl\ramp_ext_mngr.o
LOAD Middlewares\MotorControl\speed_pos_fdbk.o
LOAD Middlewares\MotorControl\speed_torq_ctrl.o
LOAD Middlewares\MotorControl\state_machine.o
LOAD Middlewares\MotorControl\ui_irq_handler.o
LOAD Middlewares\MotorControl\usart_frame_communication_protocol.o
LOAD Middlewares\MotorControl\virtual_speed_sensor.o
LOAD ../../../MCSDK_v5.3.3/MotorControl/lib\libmc-truestudio_M4.lib
                0x00000080                malloc_getpagesize_P = 0x80
START GROUP
LOAD c:/program files (x86)/atollic/truestudio for stm32 9.1.0/armtools/bin/../lib/gcc/arm-atollic-eabi/6.3.1/../../../../arm-atollic-eabi/lib/armv7e-m/fpu\libc_nano.a
LOAD c:/program files (x86)/atollic/truestudio for stm32 9.1.0/armtools/bin/../lib/gcc/arm-atollic-eabi/6.3.1/../../../../arm-atollic-eabi/lib/armv7e-m/fpu\libm.a
END GROUP
START GROUP
LOAD c:/program files (x86)/atollic/truestudio for stm32 9.1.0/armtools/bin/../lib/gcc/arm-atollic-eabi/6.3.1/armv7e-m/fpu\libgcc.a
LOAD c:/program files (x86)/atollic/truestudio for stm32 9.1.0/armtools/bin/../lib/gcc/arm-atollic-eabi/6.3.1/../../../../arm-atollic-eabi/lib/armv7e-m/fpu\libc_nano.a
END GROUP
START GROUP
LOAD c:/program files (x86)/atollic/truestudio for stm32 9.1.0/armtools/bin/../lib/gcc/arm-atollic-eabi/6.3.1/armv7e-m/fpu\libgcc.a
LOAD c:/program files (x86)/atollic/truestudio for stm32 9.1.0/armtools/bin/../lib/gcc/arm-atollic-eabi/6.3.1/../../../../arm-atollic-eabi/lib/armv7e-m/fpu\libc_nano.a
LOAD c:/program files (x86)/atollic/truestudio for stm32 9.1.0/armtools/bin/../lib/gcc/arm-atollic-eabi/6.3.1/../../../../arm-atollic-eabi/lib/armv7e-m/fpu\libnosys.a
END GROUP
START GROUP
LOAD c:/program files (x86)/atollic/truestudio for stm32 9.1.0/armtools/bin/../lib/gcc/arm-atollic-eabi/6.3.1/armv7e-m/fpu\libgcc.a
LOAD c:/program files (x86)/atollic/truestudio for stm32 9.1.0/armtools/bin/../lib/gcc/arm-atollic-eabi/6.3.1/../../../../arm-atollic-eabi/lib/armv7e-m/fpu\libc_nano.a
LOAD c:/program files (x86)/atollic/truestudio for stm32 9.1.0/armtools/bin/../lib/gcc/arm-atollic-eabi/6.3.1/../../../../arm-atollic-eabi/lib/armv7e-m/fpu\libnosys.a
END GROUP
LOAD c:/program files (x86)/atollic/truestudio for stm32 9.1.0/armtools/bin/../lib/gcc/arm-atollic-eabi/6.3.1/armv7e-m/fpu/crtend.o
LOAD c:/program files (x86)/atollic/truestudio for stm32 9.1.0/armtools/bin/../lib/gcc/arm-atollic-eabi/6.3.1/armv7e-m/fpu/crtn.o
                0x20004000                _estack = 0x20004000
                0x00000200                _Min_Heap_Size = 0x200
                0x00000400                _Min_Stack_Size = 0x400

.isr_vector     0x08000000      0x188
                0x08000000                . = ALIGN (0x4)
 *(.isr_vector)
 .isr_vector    0x08000000      0x188 Application\TrueSTUDIO\startup_stm32f302x8.o
                0x08000000                g_pfnVectors
                0x08000188                . = ALIGN (0x4)

.text           0x08000188     0x7e80
                0x08000188                . = ALIGN (0x4)
 *(.text)
 .text          0x08000188       0x40 c:/program files (x86)/atollic/truestudio for stm32 9.1.0/armtools/bin/../lib/gcc/arm-atollic-eabi/6.3.1/armv7e-m/fpu/crtbegin.o
 *(.text*)
 .text.Reset_Handler
                0x080001c8       0x50 Application\TrueSTUDIO\startup_stm32f302x8.o
                0x080001c8                Reset_Handler
 .text.Default_Handler
                0x08000218        0x2 Application\TrueSTUDIO\startup_stm32f302x8.o
                0x08000218                RTC_Alarm_IRQHandler
                0x08000218                DebugMon_Handler
                0x08000218                TIM1_CC_IRQHandler
                0x08000218                USB_HP_IRQHandler
                0x08000218                PVD_IRQHandler
                0x08000218                TAMP_STAMP_IRQHandler
                0x08000218                PendSV_Handler
                0x08000218                NMI_Handler
                0x08000218                EXTI3_IRQHandler
                0x08000218                I2C3_ER_IRQHandler
                0x08000218                USB_HP_CAN_TX_IRQHandler
                0x08000218                EXTI0_IRQHandler
                0x08000218                I2C2_EV_IRQHandler
                0x08000218                FPU_IRQHandler
                0x08000218                UsageFault_Handler
                0x08000218                CAN_SCE_IRQHandler
                0x08000218                TIM6_DAC_IRQHandler
                0x08000218                DMA1_Channel4_IRQHandler
                0x08000218                USART3_IRQHandler
                0x08000218                DMA1_Channel7_IRQHandler
                0x08000218                CAN_RX1_IRQHandler
                0x08000218                I2C1_EV_IRQHandler
                0x08000218                DMA1_Channel6_IRQHandler
                0x08000218                RCC_IRQHandler
                0x08000218                DMA1_Channel1_IRQHandler
                0x08000218                Default_Handler
                0x08000218                USBWakeUp_RMP_IRQHandler
                0x08000218                COMP2_IRQHandler
                0x08000218                I2C3_EV_IRQHandler
                0x08000218                EXTI9_5_IRQHandler
                0x08000218                RTC_WKUP_IRQHandler
                0x08000218                SPI2_IRQHandler
                0x08000218                USB_LP_CAN_RX0_IRQHandler
                0x08000218                MemManage_Handler
                0x08000218                SVC_Handler
                0x08000218                DMA1_Channel5_IRQHandler
                0x08000218                USB_LP_IRQHandler
                0x08000218                EXTI4_IRQHandler
                0x08000218                TIM1_TRG_COM_TIM17_IRQHandler
                0x08000218                DMA1_Channel3_IRQHandler
                0x08000218                WWDG_IRQHandler
                0x08000218                TIM2_IRQHandler
                0x08000218                EXTI1_IRQHandler
                0x08000218                COMP4_6_IRQHandler
                0x08000218                I2C2_ER_IRQHandler
                0x08000218                DMA1_Channel2_IRQHandler
                0x08000218                FLASH_IRQHandler
                0x08000218                BusFault_Handler
                0x08000218                USART1_IRQHandler
                0x08000218                SPI3_IRQHandler
                0x08000218                I2C1_ER_IRQHandler
                0x08000218                USBWakeUp_IRQHandler
                0x08000218                EXTI2_TSC_IRQHandler
 *fill*         0x0800021a        0x2 
 .text.SystemClock_Config
                0x0800021c       0x6c Application\User\main.o
                0x0800021c                SystemClock_Config
 .text.startup.main
                0x08000288      0x338 Application\User\main.o
                0x08000288                main
 .text.MC_StartMotor1
                0x080005c0        0xc Application\User\mc_api.o
                0x080005c0                MC_StartMotor1
 .text.MC_StopMotor1
                0x080005cc        0xc Application\User\mc_api.o
                0x080005cc                MC_StopMotor1
 .text.MC_GetSTMStateMotor1
                0x080005d8        0xc Application\User\mc_api.o
                0x080005d8                MC_GetSTMStateMotor1
 .text.MCboot   0x080005e4      0x278 Application\User\mc_tasks.o
                0x080005e4                MCboot
 .text.MC_RunMotorControlTasks
                0x0800085c      0x504 Application\User\mc_tasks.o
                0x0800085c                MC_RunMotorControlTasks
 .text.MC_Scheduler
                0x08000d60      0x424 Application\User\mc_tasks.o
                0x08000d60                MC_Scheduler
 .text.TSK_HighFrequencyTask
                0x08001184      0x198 Application\User\mc_tasks.o
                0x08001184                TSK_HighFrequencyTask
 .text.TSK_HardwareFaultTask
                0x0800131c       0x20 Application\User\mc_tasks.o
                0x0800131c                TSK_HardwareFaultTask
 .text.mc_lock_pins
                0x0800133c       0xe4 Application\User\mc_tasks.o
                0x0800133c                mc_lock_pins
 .text.MCP_SentFrame
                0x08001420       0x1c Application\User\motor_control_protocol.o
                0x08001420                MCP_SentFrame
 .text.MCP_ReceivedFrame
                0x0800143c      0x584 Application\User\motor_control_protocol.o
                0x0800143c                MCP_ReceivedFrame
 .text.MCP_OnTimeOut
                0x080019c0       0x1c Application\User\motor_control_protocol.o
                0x080019c0                MCP_OnTimeOut
 .text.MCP_Init
                0x080019dc       0x54 Application\User\motor_control_protocol.o
                0x080019dc                MCP_Init
 .text.MX_MotorControl_Init
                0x08001a30       0x4c Application\User\motorcontrol.o
                0x08001a30                MX_MotorControl_Init
 .text.RCM_RegisterRegConv
                0x08001a7c      0x188 Application\User\regular_conversion_manager.o
                0x08001a7c                RCM_RegisterRegConv
 .text.RCM_ExecRegularConv
                0x08001c04       0x7c Application\User\regular_conversion_manager.o
                0x08001c04                RCM_ExecRegularConv
 .text.RCM_ExecUserConv
                0x08001c80       0xb4 Application\User\regular_conversion_manager.o
                0x08001c80                RCM_ExecUserConv
 .text.ADC1_IRQHandler
                0x08001d34       0x18 Application\User\stm32f30x_mc_it.o
                0x08001d34                ADC1_IRQHandler
 .text.TIM1_UP_TIM16_IRQHandler
                0x08001d4c       0x18 Application\User\stm32f30x_mc_it.o
                0x08001d4c                TIM1_UP_TIM16_IRQHandler
 .text.TIM1_BRK_TIM15_IRQHandler
                0x08001d64       0x44 Application\User\stm32f30x_mc_it.o
                0x08001d64                TIM1_BRK_TIM15_IRQHandler
 .text.USART2_IRQHandler
                0x08001da8       0x6c Application\User\stm32f30x_mc_it.o
                0x08001da8                USART2_IRQHandler
 .text.HardFault_Handler
                0x08001e14       0x74 Application\User\stm32f30x_mc_it.o
                0x08001e14                HardFault_Handler
 .text.SysTick_Handler
                0x08001e88       0x30 Application\User\stm32f30x_mc_it.o
                0x08001e88                SysTick_Handler
 .text.EXTI15_10_IRQHandler
                0x08001eb8       0x10 Application\User\stm32f30x_mc_it.o
                0x08001eb8                EXTI15_10_IRQHandler
 .text.HAL_MspInit
                0x08001ec8       0x3c Application\User\stm32f3xx_hal_msp.o
                0x08001ec8                HAL_MspInit
 .text.HAL_ADC_MspInit
                0x08001f04       0x84 Application\User\stm32f3xx_hal_msp.o
                0x08001f04                HAL_ADC_MspInit
 .text.HAL_DAC_MspInit
                0x08001f88       0x64 Application\User\stm32f3xx_hal_msp.o
                0x08001f88                HAL_DAC_MspInit
 .text.HAL_TIM_Base_MspInit
                0x08001fec       0x6c Application\User\stm32f3xx_hal_msp.o
                0x08001fec                HAL_TIM_Base_MspInit
 .text.HAL_TIM_MspPostInit
                0x08002058       0x5c Application\User\stm32f3xx_hal_msp.o
                0x08002058                HAL_TIM_MspPostInit
 .text.HAL_UART_MspInit
                0x080020b4       0x68 Application\User\stm32f3xx_hal_msp.o
                0x080020b4                HAL_UART_MspInit
 .text.UI_TaskInit
                0x0800211c       0xe0 Application\User\ui_task.o
                0x0800211c                UI_TaskInit
 .text.UI_Scheduler
                0x080021fc       0x44 Application\User\ui_task.o
                0x080021fc                UI_Scheduler
 .text.UI_DACUpdate
                0x08002240       0x20 Application\User\ui_task.o
                0x08002240                UI_DACUpdate
 .text.UI_SerialCommunicationTimeOutStop
                0x08002260        0xc Application\User\ui_task.o
                0x08002260                UI_SerialCommunicationTimeOutStop
 .text.UI_SerialCommunicationTimeOutStart
                0x0800226c        0xc Application\User\ui_task.o
                0x0800226c                UI_SerialCommunicationTimeOutStart
 .text.UI_HandleStartStopButton_cb
                0x08002278       0x18 Application\User\ui_task.o
                0x08002278                UI_HandleStartStopButton_cb
 .text.UI_Init  0x08002290       0x18 Application\User\user_interface.o
                0x08002290                UI_Init
 .text.UI_GetSelectedMC
                0x080022a8        0x8 Application\User\user_interface.o
                0x080022a8                UI_GetSelectedMC
 .text.UI_SetReg
                0x080022b0      0x334 Application\User\user_interface.o
                0x080022b0                UI_SetReg
 .text.UI_GetReg
                0x080025e4      0x568 Application\User\user_interface.o
                0x080025e4                UI_GetReg
 .text.UI_ExecCmd
                0x08002b4c       0x7c Application\User\user_interface.o
                0x08002b4c                UI_ExecCmd
 .text.UI_ExecSpeedRamp
                0x08002bc8       0x24 Application\User\user_interface.o
                0x08002bc8                UI_ExecSpeedRamp
 .text.UI_GetRevupData
                0x08002bec       0x3c Application\User\user_interface.o
                0x08002bec                UI_GetRevupData
 .text.UI_SetRevupData
                0x08002c28       0x34 Application\User\user_interface.o
                0x08002c28                UI_SetRevupData
 .text.UI_SetCurrentReferences
                0x08002c5c       0x24 Application\User\user_interface.o
                0x08002c5c                UI_SetCurrentReferences
 .text.UI_GetMPInfo
                0x08002c80        0x4 Application\User\user_interface.o
                0x08002c80                UI_GetMPInfo
 .text.UI_DACInit
                0x08002c84        0x8 Application\User\user_interface.o
                0x08002c84                UI_DACInit
 .text.UI_DACExec
                0x08002c8c        0x8 Application\User\user_interface.o
                0x08002c8c                UI_DACExec
 .text.UI_SetDAC
                0x08002c94        0x8 Application\User\user_interface.o
                0x08002c94                UI_SetDAC
 .text.UI_GetDAC
                0x08002c9c        0xc Application\User\user_interface.o
                0x08002c9c                UI_GetDAC
 .text.SystemInit
                0x08002ca8       0x70 Drivers\CMSIS\system_stm32f3xx.o
                0x08002ca8                SystemInit
 .text.HAL_InitTick
                0x08002d18       0x48 Drivers\STM32F3xx_HAL_Driver\stm32f3xx_hal.o
                0x08002d18                HAL_InitTick
 .text.HAL_Init
                0x08002d60       0x24 Drivers\STM32F3xx_HAL_Driver\stm32f3xx_hal.o
                0x08002d60                HAL_Init
 .text.HAL_IncTick
                0x08002d84       0x18 Drivers\STM32F3xx_HAL_Driver\stm32f3xx_hal.o
                0x08002d84                HAL_IncTick
 .text.HAL_GetTick
                0x08002d9c        0xc Drivers\STM32F3xx_HAL_Driver\stm32f3xx_hal.o
                0x08002d9c                HAL_GetTick
 .text.HAL_ADC_Init
                0x08002da8      0x238 Drivers\STM32F3xx_HAL_Driver\stm32f3xx_hal_adc_ex.o
                0x08002da8                HAL_ADC_Init
 .text.HAL_ADC_ConfigChannel
                0x08002fe0      0x318 Drivers\STM32F3xx_HAL_Driver\stm32f3xx_hal_adc_ex.o
                0x08002fe0                HAL_ADC_ConfigChannel
 .text.HAL_ADCEx_InjectedConfigChannel
                0x080032f8      0x3d4 Drivers\STM32F3xx_HAL_Driver\stm32f3xx_hal_adc_ex.o
                0x080032f8                HAL_ADCEx_InjectedConfigChannel
 .text.HAL_NVIC_SetPriorityGrouping
                0x080036cc       0x24 Drivers\STM32F3xx_HAL_Driver\stm32f3xx_hal_cortex.o
                0x080036cc                HAL_NVIC_SetPriorityGrouping
 .text.HAL_NVIC_SetPriority
                0x080036f0       0x6c Drivers\STM32F3xx_HAL_Driver\stm32f3xx_hal_cortex.o
                0x080036f0                HAL_NVIC_SetPriority
 .text.HAL_NVIC_EnableIRQ
                0x0800375c       0x18 Drivers\STM32F3xx_HAL_Driver\stm32f3xx_hal_cortex.o
                0x0800375c                HAL_NVIC_EnableIRQ
 .text.HAL_SYSTICK_Config
                0x08003774       0x34 Drivers\STM32F3xx_HAL_Driver\stm32f3xx_hal_cortex.o
                0x08003774                HAL_SYSTICK_Config
 .text.HAL_SYSTICK_Callback
                0x080037a8        0x4 Drivers\STM32F3xx_HAL_Driver\stm32f3xx_hal_cortex.o
                0x080037a8                HAL_SYSTICK_Callback
 .text.HAL_SYSTICK_IRQHandler
                0x080037ac        0x8 Drivers\STM32F3xx_HAL_Driver\stm32f3xx_hal_cortex.o
                0x080037ac                HAL_SYSTICK_IRQHandler
 .text.HAL_DAC_Init
                0x080037b4       0x2c Drivers\STM32F3xx_HAL_Driver\stm32f3xx_hal_dac.o
                0x080037b4                HAL_DAC_Init
 .text.HAL_DAC_ConfigChannel
                0x080037e0       0x48 Drivers\STM32F3xx_HAL_Driver\stm32f3xx_hal_dac_ex.o
                0x080037e0                HAL_DAC_ConfigChannel
 .text.HAL_GPIO_Init
                0x08003828      0x1d4 Drivers\STM32F3xx_HAL_Driver\stm32f3xx_hal_gpio.o
                0x08003828                HAL_GPIO_Init
 .text.HAL_GPIO_WritePin
                0x080039fc        0xc Drivers\STM32F3xx_HAL_Driver\stm32f3xx_hal_gpio.o
                0x080039fc                HAL_GPIO_WritePin
 .text.HAL_RCC_OscConfig
                0x08003a08      0x5a4 Drivers\STM32F3xx_HAL_Driver\stm32f3xx_hal_rcc.o
                0x08003a08                HAL_RCC_OscConfig
 .text.HAL_RCC_ClockConfig
                0x08003fac      0x1b8 Drivers\STM32F3xx_HAL_Driver\stm32f3xx_hal_rcc.o
                0x08003fac                HAL_RCC_ClockConfig
 .text.HAL_RCC_GetSysClockFreq
                0x08004164       0x68 Drivers\STM32F3xx_HAL_Driver\stm32f3xx_hal_rcc.o
                0x08004164                HAL_RCC_GetSysClockFreq
 .text.HAL_RCC_GetHCLKFreq
                0x080041cc        0xc Drivers\STM32F3xx_HAL_Driver\stm32f3xx_hal_rcc.o
                0x080041cc                HAL_RCC_GetHCLKFreq
 .text.HAL_RCC_GetPCLK1Freq
                0x080041d8       0x30 Drivers\STM32F3xx_HAL_Driver\stm32f3xx_hal_rcc.o
                0x080041d8                HAL_RCC_GetPCLK1Freq
 .text.HAL_RCC_GetPCLK2Freq
                0x08004208       0x30 Drivers\STM32F3xx_HAL_Driver\stm32f3xx_hal_rcc.o
                0x08004208                HAL_RCC_GetPCLK2Freq
 .text.HAL_RCCEx_PeriphCLKConfig
                0x08004238      0x200 Drivers\STM32F3xx_HAL_Driver\stm32f3xx_hal_rcc_ex.o
                0x08004238                HAL_RCCEx_PeriphCLKConfig
 .text.HAL_TIM_Base_Init
                0x08004438       0xc4 Drivers\STM32F3xx_HAL_Driver\stm32f3xx_hal_tim.o
                0x08004438                HAL_TIM_Base_Init
 .text.HAL_TIM_PWM_MspInit
                0x080044fc        0x4 Drivers\STM32F3xx_HAL_Driver\stm32f3xx_hal_tim.o
                0x080044fc                HAL_TIM_PWM_MspInit
 .text.HAL_TIM_PWM_Init
                0x08004500       0xc4 Drivers\STM32F3xx_HAL_Driver\stm32f3xx_hal_tim.o
                0x08004500                HAL_TIM_PWM_Init
 .text.HAL_TIM_SlaveConfigSynchronization
                0x080045c4       0xe8 Drivers\STM32F3xx_HAL_Driver\stm32f3xx_hal_tim.o
                0x080045c4                HAL_TIM_SlaveConfigSynchronization
 .text.TIM_OC1_SetConfig
                0x080046ac       0x74 Drivers\STM32F3xx_HAL_Driver\stm32f3xx_hal_tim.o
                0x080046ac                TIM_OC1_SetConfig
 .text.TIM_OC2_SetConfig
                0x08004720       0x7c Drivers\STM32F3xx_HAL_Driver\stm32f3xx_hal_tim.o
                0x08004720                TIM_OC2_SetConfig
 .text.TIM_OC3_SetConfig
                0x0800479c       0x7c Drivers\STM32F3xx_HAL_Driver\stm32f3xx_hal_tim.o
                0x0800479c                TIM_OC3_SetConfig
 .text.TIM_OC4_SetConfig
                0x08004818       0x64 Drivers\STM32F3xx_HAL_Driver\stm32f3xx_hal_tim.o
                0x08004818                TIM_OC4_SetConfig
 .text.HAL_TIM_PWM_ConfigChannel
                0x0800487c      0x1dc Drivers\STM32F3xx_HAL_Driver\stm32f3xx_hal_tim_ex.o
                0x0800487c                HAL_TIM_PWM_ConfigChannel
 .text.HAL_TIMEx_MasterConfigSynchronization
                0x08004a58       0x4c Drivers\STM32F3xx_HAL_Driver\stm32f3xx_hal_tim_ex.o
                0x08004a58                HAL_TIMEx_MasterConfigSynchronization
 .text.HAL_TIMEx_ConfigBreakDeadTime
                0x08004aa4       0x80 Drivers\STM32F3xx_HAL_Driver\stm32f3xx_hal_tim_ex.o
                0x08004aa4                HAL_TIMEx_ConfigBreakDeadTime
 .text.UART_AdvFeatureConfig
                0x08004b24       0xb0 Drivers\STM32F3xx_HAL_Driver\stm32f3xx_hal_uart.o
                0x08004b24                UART_AdvFeatureConfig
 .text.HAL_UART_Init
                0x08004bd4      0x258 Drivers\STM32F3xx_HAL_Driver\stm32f3xx_hal_uart.o
                0x08004bd4                HAL_UART_Init
 .text.VBS_GetAvBusVoltage_d
                0x08004e2c        0x4 Middlewares\MotorControl\bus_voltage_sensor.o
                0x08004e2c                VBS_GetAvBusVoltage_d
 .text.VBS_GetAvBusVoltage_V
                0x08004e30        0xc Middlewares\MotorControl\bus_voltage_sensor.o
                0x08004e30                VBS_GetAvBusVoltage_V
 .text.Circle_Limitation
                0x08004e3c       0x64 Middlewares\MotorControl\circle_limitation.o
                0x08004e3c                Circle_Limitation
 .text.DAC_SetChannelConfig
                0x08004ea0        0x8 Middlewares\MotorControl\dac_common_ui.o
                0x08004ea0                DAC_SetChannelConfig
 .text.DAC_GetChannelConfig
                0x08004ea8        0x8 Middlewares\MotorControl\dac_common_ui.o
                0x08004ea8                DAC_GetChannelConfig
 .text.DAC_SetUserChannelValue
                0x08004eb0        0x8 Middlewares\MotorControl\dac_common_ui.o
                0x08004eb0                DAC_SetUserChannelValue
 .text.DAC_GetUserChannelValue
                0x08004eb8        0xc Middlewares\MotorControl\dac_common_ui.o
                0x08004eb8                DAC_GetUserChannelValue
 .text.DAC_Init
                0x08004ec4       0x18 Middlewares\MotorControl\dac_ui.o
                0x08004ec4                DAC_Init
 .text.DAC_Exec
                0x08004edc       0x54 Middlewares\MotorControl\dac_ui.o
                0x08004edc                DAC_Exec
 .text.FCP_Init
                0x08004f30       0x2c Middlewares\MotorControl\frame_communication_protocol.o
                0x08004f30                FCP_Init
 .text.FCP_SetClient
                0x08004f5c        0xc Middlewares\MotorControl\frame_communication_protocol.o
                0x08004f5c                FCP_SetClient
 .text.FCP_CalcCRC
                0x08004f68       0x30 Middlewares\MotorControl\frame_communication_protocol.o
                0x08004f68                FCP_CalcCRC
 .text.MCI_Init
                0x08004f98       0x18 Middlewares\MotorControl\mc_interface.o
                0x08004f98                MCI_Init
 .text.MCI_ExecSpeedRamp
                0x08004fb0       0x10 Middlewares\MotorControl\mc_interface.o
                0x08004fb0                MCI_ExecSpeedRamp
 .text.MCI_ExecTorqueRamp
                0x08004fc0       0x18 Middlewares\MotorControl\mc_interface.o
                0x08004fc0                MCI_ExecTorqueRamp
 .text.MCI_SetCurrentReferences
                0x08004fd8       0x1c Middlewares\MotorControl\mc_interface.o
                0x08004fd8                MCI_SetCurrentReferences
 .text.MCI_StartMotor
                0x08004ff4       0x14 Middlewares\MotorControl\mc_interface.o
                0x08004ff4                MCI_StartMotor
 .text.MCI_StopMotor
                0x08005008        0x8 Middlewares\MotorControl\mc_interface.o
                0x08005008                MCI_StopMotor
 .text.MCI_FaultAcknowledged
                0x08005010        0x8 Middlewares\MotorControl\mc_interface.o
                0x08005010                MCI_FaultAcknowledged
 .text.MCI_EncoderAlign
                0x08005018        0x8 Middlewares\MotorControl\mc_interface.o
                0x08005018                MCI_EncoderAlign
 .text.MCI_ExecBufferedCommands
                0x08005020       0x78 Middlewares\MotorControl\mc_interface.o
                0x08005020                MCI_ExecBufferedCommands
 .text.MCI_GetSTMState
                0x08005098        0x8 Middlewares\MotorControl\mc_interface.o
                0x08005098                MCI_GetSTMState
 .text.MCI_GetControlMode
                0x080050a0        0x4 Middlewares\MotorControl\mc_interface.o
                0x080050a0                MCI_GetControlMode
 .text.MCI_GetImposedMotorDirection
                0x080050a4       0x44 Middlewares\MotorControl\mc_interface.o
                0x080050a4                MCI_GetImposedMotorDirection
 .text.MCI_GetLastRampFinalSpeed
                0x080050e8       0x10 Middlewares\MotorControl\mc_interface.o
                0x080050e8                MCI_GetLastRampFinalSpeed
 .text.MCI_StopSpeedRamp
                0x080050f8        0x8 Middlewares\MotorControl\mc_interface.o
                0x080050f8                MCI_StopSpeedRamp
 .text.MCI_GetAvrgMecSpeed01Hz
                0x08005100       0x10 Middlewares\MotorControl\mc_interface.o
                0x08005100                MCI_GetAvrgMecSpeed01Hz
 .text.MCI_GetMecSpeedRef01Hz
                0x08005110        0x8 Middlewares\MotorControl\mc_interface.o
                0x08005110                MCI_GetMecSpeedRef01Hz
 .text.MCI_GetIab
                0x08005118       0x10 Middlewares\MotorControl\mc_interface.o
                0x08005118                MCI_GetIab
 .text.MCI_GetIalphabeta
                0x08005128       0x10 Middlewares\MotorControl\mc_interface.o
                0x08005128                MCI_GetIalphabeta
 .text.MCI_GetIqd
                0x08005138       0x10 Middlewares\MotorControl\mc_interface.o
                0x08005138                MCI_GetIqd
 .text.MCI_GetIqdref
                0x08005148       0x10 Middlewares\MotorControl\mc_interface.o
                0x08005148                MCI_GetIqdref
 .text.MCI_GetVqd
                0x08005158       0x14 Middlewares\MotorControl\mc_interface.o
                0x08005158                MCI_GetVqd
 .text.MCI_GetValphabeta
                0x0800516c       0x14 Middlewares\MotorControl\mc_interface.o
                0x0800516c                MCI_GetValphabeta
 .text.MCI_GetTeref
                0x08005180        0x8 Middlewares\MotorControl\mc_interface.o
                0x08005180                MCI_GetTeref
 .text.MCI_SetIdref
                0x08005188        0x8 Middlewares\MotorControl\mc_interface.o
                0x08005188                MCI_SetIdref
 .text.MCI_Clear_Iqdref
                0x08005190       0x18 Middlewares\MotorControl\mc_interface.o
                0x08005190                MCI_Clear_Iqdref
 .text.MCM_Clarke
                0x080051a8       0x4c Middlewares\MotorControl\mc_math.o
                0x080051a8                MCM_Clarke
 .text.MCM_Park
                0x080051f4       0xe8 Middlewares\MotorControl\mc_math.o
                0x080051f4                MCM_Park
 .text.MCM_Rev_Park
                0x080052dc       0xb0 Middlewares\MotorControl\mc_math.o
                0x080052dc                MCM_Rev_Park
 .text.MCM_Trig_Functions
                0x0800538c       0x94 Middlewares\MotorControl\mc_math.o
                0x0800538c                MCM_Trig_Functions
 .text.MPM_Clear
                0x08005420       0x18 Middlewares\MotorControl\motor_power_measurement.o
                0x08005420                MPM_Clear
 .text.MPM_CalcElMotorPower
                0x08005438       0x40 Middlewares\MotorControl\motor_power_measurement.o
                0x08005438                MPM_CalcElMotorPower
 .text.MPM_GetAvrgElMotorPowerW
                0x08005478        0x8 Middlewares\MotorControl\motor_power_measurement.o
                0x08005478                MPM_GetAvrgElMotorPowerW
 .text.NTC_Init
                0x08005480       0x20 Middlewares\MotorControl\ntc_temperature_sensor.o
                0x08005480                NTC_Init
 .text.NTC_CalcAvTemp
                0x080054a0       0x54 Middlewares\MotorControl\ntc_temperature_sensor.o
                0x080054a0                NTC_CalcAvTemp
 .text.NTC_GetAvTemp_C
                0x080054f4       0x2c Middlewares\MotorControl\ntc_temperature_sensor.o
                0x080054f4                NTC_GetAvTemp_C
 .text.PID_HandleInit
                0x08005520       0x10 Middlewares\MotorControl\pid_regulator.o
                0x08005520                PID_HandleInit
 .text.PID_SetKP
                0x08005530        0x4 Middlewares\MotorControl\pid_regulator.o
                0x08005530                PID_SetKP
 .text.PID_SetKI
                0x08005534        0x4 Middlewares\MotorControl\pid_regulator.o
                0x08005534                PID_SetKI
 .text.PID_GetKP
                0x08005538        0x8 Middlewares\MotorControl\pid_regulator.o
                0x08005538                PID_GetKP
 .text.PID_GetKI
                0x08005540        0x8 Middlewares\MotorControl\pid_regulator.o
                0x08005540                PID_GetKI
 .text.PID_SetIntegralTerm
                0x08005548        0x4 Middlewares\MotorControl\pid_regulator.o
                0x08005548                PID_SetIntegralTerm
 .text.PID_GetKPDivisor
                0x0800554c        0x4 Middlewares\MotorControl\pid_regulator.o
                0x0800554c                PID_GetKPDivisor
 .text.PID_GetKIDivisor
                0x08005550        0x4 Middlewares\MotorControl\pid_regulator.o
                0x08005550                PID_GetKIDivisor
 .text.PID_SetKD
                0x08005554        0x4 Middlewares\MotorControl\pid_regulator.o
                0x08005554                PID_SetKD
 .text.PID_GetKD
                0x08005558        0x8 Middlewares\MotorControl\pid_regulator.o
                0x08005558                PID_GetKD
 .text.PI_Controller
                0x08005560       0x84 Middlewares\MotorControl\pid_regulator.o
                0x08005560                PI_Controller
 .text.PQD_CalcElMotorPower
                0x080055e4       0x6c Middlewares\MotorControl\pqd_motor_power_measurement.o
                0x080055e4                PQD_CalcElMotorPower
 .text.startTimers
                0x08005650       0x64 Middlewares\MotorControl\pwm_common.o
                0x08005650                startTimers
 .text.PWMC_GetPhaseCurrents
                0x080056b4        0x4 Middlewares\MotorControl\pwm_curr_fdbk.o
                0x080056b4                PWMC_GetPhaseCurrents
 .text.PWMC_SetPhaseVoltage
                0x080056b8      0x20c Middlewares\MotorControl\pwm_curr_fdbk.o
                0x080056b8                PWMC_SetPhaseVoltage
 .text.PWMC_SwitchOffPWM
                0x080058c4        0x4 Middlewares\MotorControl\pwm_curr_fdbk.o
                0x080058c4                PWMC_SwitchOffPWM
 .text.PWMC_CurrentReadingCalibr
                0x080058c8       0x50 Middlewares\MotorControl\pwm_curr_fdbk.o
                0x080058c8                PWMC_CurrentReadingCalibr
 .text.PWMC_CheckOverCurrent
                0x08005918        0x4 Middlewares\MotorControl\pwm_curr_fdbk.o
                0x08005918                PWMC_CheckOverCurrent
 .text.R3_1_F30X_GetPhaseCurrents
                0x0800591c      0x1d0 Middlewares\MotorControl\r3_1_f30x_pwm_curr_fdbk.o
                0x0800591c                R3_1_F30X_GetPhaseCurrents
 .text.R3_1_F30X_HFCurrentsCalibrationAB
                0x08005aec       0x40 Middlewares\MotorControl\r3_1_f30x_pwm_curr_fdbk.o
 .text.R3_1_F30X_HFCurrentsCalibrationC
                0x08005b2c       0x38 Middlewares\MotorControl\r3_1_f30x_pwm_curr_fdbk.o
 .text.R3_1_F30X_TurnOnLowSides
                0x08005b64       0x48 Middlewares\MotorControl\r3_1_f30x_pwm_curr_fdbk.o
                0x08005b64                R3_1_F30X_TurnOnLowSides
 .text.R3_1_F30X_SwitchOnPWM
                0x08005bac       0xa0 Middlewares\MotorControl\r3_1_f30x_pwm_curr_fdbk.o
                0x08005bac                R3_1_F30X_SwitchOnPWM
 .text.R3_1_F30X_SwitchOffPWM
                0x08005c4c      0x114 Middlewares\MotorControl\r3_1_f30x_pwm_curr_fdbk.o
                0x08005c4c                R3_1_F30X_SwitchOffPWM
 .text.R3_1_F30X_SetADCSampPointSect6
                0x08005d60       0xb4 Middlewares\MotorControl\r3_1_f30x_pwm_curr_fdbk.o
                0x08005d60                R3_1_F30X_SetADCSampPointSect6
 .text.R3_1_F30X_RLGetPhaseCurrents
                0x08005e14       0x8c Middlewares\MotorControl\r3_1_f30x_pwm_curr_fdbk.o
                0x08005e14                R3_1_F30X_RLGetPhaseCurrents
 .text.R3_1_F30X_RLTurnOnLowSides
                0x08005ea0       0x3c Middlewares\MotorControl\r3_1_f30x_pwm_curr_fdbk.o
                0x08005ea0                R3_1_F30X_RLTurnOnLowSides
 .text.R3_1_F30X_RLSwitchOnPWM
                0x08005edc       0x78 Middlewares\MotorControl\r3_1_f30x_pwm_curr_fdbk.o
                0x08005edc                R3_1_F30X_RLSwitchOnPWM
 .text.R3_1_F30X_SetADCSampPointCalibration
                0x08005f54       0x60 Middlewares\MotorControl\r3_1_f30x_pwm_curr_fdbk.o
                0x08005f54                R3_1_F30X_SetADCSampPointCalibration
 .text.R3_1_F30X_SetADCSampPointSect1
                0x08005fb4       0xb4 Middlewares\MotorControl\r3_1_f30x_pwm_curr_fdbk.o
                0x08005fb4                R3_1_F30X_SetADCSampPointSect1
 .text.R3_1_F30X_SetADCSampPointSect2
                0x08006068       0xb4 Middlewares\MotorControl\r3_1_f30x_pwm_curr_fdbk.o
                0x08006068                R3_1_F30X_SetADCSampPointSect2
 .text.R3_1_F30X_SetADCSampPointSect3
                0x0800611c       0xb4 Middlewares\MotorControl\r3_1_f30x_pwm_curr_fdbk.o
                0x0800611c                R3_1_F30X_SetADCSampPointSect3
 .text.R3_1_F30X_SetADCSampPointSect4
                0x080061d0       0xb4 Middlewares\MotorControl\r3_1_f30x_pwm_curr_fdbk.o
                0x080061d0                R3_1_F30X_SetADCSampPointSect4
 .text.R3_1_F30X_SetADCSampPointSect5
                0x08006284       0xb4 Middlewares\MotorControl\r3_1_f30x_pwm_curr_fdbk.o
                0x08006284                R3_1_F30X_SetADCSampPointSect5
 .text.R3_1_F30X_Init
                0x08006338      0x310 Middlewares\MotorControl\r3_1_f30x_pwm_curr_fdbk.o
                0x08006338                R3_1_F30X_Init
 .text.R3_1_F30X_CurrentReadingCalibration
                0x08006648      0x174 Middlewares\MotorControl\r3_1_f30x_pwm_curr_fdbk.o
                0x08006648                R3_1_F30X_CurrentReadingCalibration
 .text.R3_1_F30X_TIMx_UP_IRQHandler
                0x080067bc        0x4 Middlewares\MotorControl\r3_1_f30x_pwm_curr_fdbk.o
                0x080067bc                R3_1_F30X_TIMx_UP_IRQHandler
 .text.R3_1_F30X_BRK2_IRQHandler
                0x080067c0       0x3c Middlewares\MotorControl\r3_1_f30x_pwm_curr_fdbk.o
                0x080067c0                R3_1_F30X_BRK2_IRQHandler
 .text.R3_1_F30X_BRK_IRQHandler
                0x080067fc       0x20 Middlewares\MotorControl\r3_1_f30x_pwm_curr_fdbk.o
                0x080067fc                R3_1_F30X_BRK_IRQHandler
 .text.R3_1_F30X_IsOverCurrentOccurred
                0x0800681c       0x28 Middlewares\MotorControl\r3_1_f30x_pwm_curr_fdbk.o
                0x0800681c                R3_1_F30X_IsOverCurrentOccurred
 .text.R3_1_F30X_RLDetectionModeEnable
                0x08006844       0xf8 Middlewares\MotorControl\r3_1_f30x_pwm_curr_fdbk.o
                0x08006844                R3_1_F30X_RLDetectionModeEnable
 .text.R3_1_F30X_RLDetectionModeDisable
                0x0800693c      0x150 Middlewares\MotorControl\r3_1_f30x_pwm_curr_fdbk.o
                0x0800693c                R3_1_F30X_RLDetectionModeDisable
 .text.R3_1_F30X_RLDetectionModeSetDuty
                0x08006a8c       0x3c Middlewares\MotorControl\r3_1_f30x_pwm_curr_fdbk.o
                0x08006a8c                R3_1_F30X_RLDetectionModeSetDuty
 .text.RVBS_Init
                0x08006ac8       0x3c Middlewares\MotorControl\r_divider_bus_voltage_sensor.o
                0x08006ac8                RVBS_Init
 .text.RVBS_CalcAvVbusFilt
                0x08006b04       0xd8 Middlewares\MotorControl\r_divider_bus_voltage_sensor.o
                0x08006b04                RVBS_CalcAvVbusFilt
 .text.REMNG_Init
                0x08006bdc       0x10 Middlewares\MotorControl\ramp_ext_mngr.o
                0x08006bdc                REMNG_Init
 .text.REMNG_Calc
                0x08006bec       0x38 Middlewares\MotorControl\ramp_ext_mngr.o
                0x08006bec                REMNG_Calc
 .text.REMNG_ExecRamp
                0x08006c24      0x118 Middlewares\MotorControl\ramp_ext_mngr.o
                0x08006c24                REMNG_ExecRamp
 .text.REMNG_RampCompleted
                0x08006d3c        0xc Middlewares\MotorControl\ramp_ext_mngr.o
                0x08006d3c                REMNG_RampCompleted
 .text.SPD_GetElAngle
                0x08006d48        0x8 Middlewares\MotorControl\speed_pos_fdbk.o
                0x08006d48                SPD_GetElAngle
 .text.SPD_GetAvrgMecSpeed01Hz
                0x08006d50        0x8 Middlewares\MotorControl\speed_pos_fdbk.o
                0x08006d50                SPD_GetAvrgMecSpeed01Hz
 .text.SPD_GetElSpeedDpp
                0x08006d58        0x8 Middlewares\MotorControl\speed_pos_fdbk.o
                0x08006d58                SPD_GetElSpeedDpp
 .text.SPD_IsMecSpeedReliable
                0x08006d60       0x58 Middlewares\MotorControl\speed_pos_fdbk.o
                0x08006d60                SPD_IsMecSpeedReliable
 .text.SPD_GetS16Speed
                0x08006db8       0x14 Middlewares\MotorControl\speed_pos_fdbk.o
                0x08006db8                SPD_GetS16Speed
 .text.STC_Init
                0x08006dcc       0x28 Middlewares\MotorControl\speed_torq_ctrl.o
                0x08006dcc                STC_Init
 .text.STC_SetSpeedSensor
                0x08006df4        0x4 Middlewares\MotorControl\speed_torq_ctrl.o
                0x08006df4                STC_SetSpeedSensor
 .text.STC_GetSpeedSensor
                0x08006df8        0x4 Middlewares\MotorControl\speed_torq_ctrl.o
                0x08006df8                STC_GetSpeedSensor
 .text.STC_Clear
                0x08006dfc       0x10 Middlewares\MotorControl\speed_torq_ctrl.o
                0x08006dfc                STC_Clear
 .text.STC_GetMecSpeedRef01Hz
                0x08006e0c       0x10 Middlewares\MotorControl\speed_torq_ctrl.o
                0x08006e0c                STC_GetMecSpeedRef01Hz
 .text.STC_SetControlMode
                0x08006e1c        0x8 Middlewares\MotorControl\speed_torq_ctrl.o
                0x08006e1c                STC_SetControlMode
 .text.STC_ExecRamp
                0x08006e24       0x94 Middlewares\MotorControl\speed_torq_ctrl.o
                0x08006e24                STC_ExecRamp
 .text.STC_CalcTorqueReference
                0x08006eb8       0x68 Middlewares\MotorControl\speed_torq_ctrl.o
                0x08006eb8                STC_CalcTorqueReference
 .text.STC_GetMecSpeedRef01HzDefault
                0x08006f20        0x8 Middlewares\MotorControl\speed_torq_ctrl.o
                0x08006f20                STC_GetMecSpeedRef01HzDefault
 .text.STC_GetMaxAppPositiveMecSpeed01Hz
                0x08006f28        0x4 Middlewares\MotorControl\speed_torq_ctrl.o
                0x08006f28                STC_GetMaxAppPositiveMecSpeed01Hz
 .text.STC_GetMinAppNegativeMecSpeed01Hz
                0x08006f2c        0x8 Middlewares\MotorControl\speed_torq_ctrl.o
                0x08006f2c                STC_GetMinAppNegativeMecSpeed01Hz
 .text.STC_StopSpeedRamp
                0x08006f34       0x10 Middlewares\MotorControl\speed_torq_ctrl.o
                0x08006f34                STC_StopSpeedRamp
 .text.STC_GetDefaultIqdref
                0x08006f44       0x18 Middlewares\MotorControl\speed_torq_ctrl.o
                0x08006f44                STC_GetDefaultIqdref
 .text.STC_ForceSpeedReferenceToCurrentSpeed
                0x08006f5c       0x10 Middlewares\MotorControl\speed_torq_ctrl.o
                0x08006f5c                STC_ForceSpeedReferenceToCurrentSpeed
 .text.STM_Init
                0x08006f6c        0xc Middlewares\MotorControl\state_machine.o
                0x08006f6c                STM_Init
 .text.STM_NextState
                0x08006f78      0x10c Middlewares\MotorControl\state_machine.o
                0x08006f78                STM_NextState
 .text.STM_FaultProcessing
                0x08007084       0x34 Middlewares\MotorControl\state_machine.o
                0x08007084                STM_FaultProcessing
 .text.STM_GetState
                0x080070b8        0x4 Middlewares\MotorControl\state_machine.o
                0x080070b8                STM_GetState
 .text.STM_FaultAcknowledged
                0x080070bc       0x18 Middlewares\MotorControl\state_machine.o
                0x080070bc                STM_FaultAcknowledged
 .text.STM_GetFaultState
                0x080070d4        0xc Middlewares\MotorControl\state_machine.o
                0x080070d4                STM_GetFaultState
 .text.UFCP_Init
                0x080070e0        0x4 Middlewares\MotorControl\usart_frame_communication_protocol.o
                0x080070e0                UFCP_Init
 .text.UFCP_RX_IRQ_Handler
                0x080070e4       0xd8 Middlewares\MotorControl\usart_frame_communication_protocol.o
                0x080070e4                UFCP_RX_IRQ_Handler
 .text.UFCP_TX_IRQ_Handler
                0x080071bc       0x64 Middlewares\MotorControl\usart_frame_communication_protocol.o
                0x080071bc                UFCP_TX_IRQ_Handler
 .text.UFCP_OVR_IRQ_Handler
                0x08007220       0x38 Middlewares\MotorControl\usart_frame_communication_protocol.o
                0x08007220                UFCP_OVR_IRQ_Handler
 .text.UFCP_Receive
                0x08007258       0x24 Middlewares\MotorControl\usart_frame_communication_protocol.o
                0x08007258                UFCP_Receive
 .text.UFCP_Send
                0x0800727c      0x11c Middlewares\MotorControl\usart_frame_communication_protocol.o
                0x0800727c                UFCP_Send
 .text.UFCP_AbortReceive
                0x08007398        0x8 Middlewares\MotorControl\usart_frame_communication_protocol.o
                0x08007398                UFCP_AbortReceive
 .text.VSS_Init
                0x080073a0       0x2c Middlewares\MotorControl\virtual_speed_sensor.o
                0x080073a0                VSS_Init
 .text.VSS_Clear
                0x080073cc       0x2c Middlewares\MotorControl\virtual_speed_sensor.o
                0x080073cc                VSS_Clear
 .text.VSS_CalcElAngle
                0x080073f8       0x9c Middlewares\MotorControl\virtual_speed_sensor.o
                0x080073f8                VSS_CalcElAngle
 .text.VSS_CalcAvrgMecSpeed01Hz
                0x08007494       0x88 Middlewares\MotorControl\virtual_speed_sensor.o
                0x08007494                VSS_CalcAvrgMecSpeed01Hz
 .text.VSS_SetMecAngle
                0x0800751c       0x10 Middlewares\MotorControl\virtual_speed_sensor.o
                0x0800751c                VSS_SetMecAngle
 .text.VSS_SetMecAcceleration
                0x0800752c       0x74 Middlewares\MotorControl\virtual_speed_sensor.o
                0x0800752c                VSS_SetMecAcceleration
 .text.VSS_SetStartTransition
                0x080075a0       0x1c Middlewares\MotorControl\virtual_speed_sensor.o
                0x080075a0                VSS_SetStartTransition
 .text.VSS_TransitionEnded
                0x080075bc        0x8 Middlewares\MotorControl\virtual_speed_sensor.o
                0x080075bc                VSS_TransitionEnded
 .text.FF_Init  0x080075c4       0x18 ../../../MCSDK_v5.3.3/MotorControl/lib\libmc-truestudio_M4.lib(feed_forward_ctrl.o)
                0x080075c4                FF_Init
 .text.FF_Clear
                0x080075dc        0x8 ../../../MCSDK_v5.3.3/MotorControl/lib\libmc-truestudio_M4.lib(feed_forward_ctrl.o)
                0x080075dc                FF_Clear
 .text.FF_VqdffComputation
                0x080075e4       0xac ../../../MCSDK_v5.3.3/MotorControl/lib\libmc-truestudio_M4.lib(feed_forward_ctrl.o)
                0x080075e4                FF_VqdffComputation
 .text.FF_VqdConditioning
                0x08007690       0x50 ../../../MCSDK_v5.3.3/MotorControl/lib\libmc-truestudio_M4.lib(feed_forward_ctrl.o)
                0x08007690                FF_VqdConditioning
 .text.FF_DataProcess
                0x080076e0       0x30 ../../../MCSDK_v5.3.3/MotorControl/lib\libmc-truestudio_M4.lib(feed_forward_ctrl.o)
                0x080076e0                FF_DataProcess
 .text.FF_InitFOCAdditionalMethods
                0x08007710       0x1c ../../../MCSDK_v5.3.3/MotorControl/lib\libmc-truestudio_M4.lib(feed_forward_ctrl.o)
                0x08007710                FF_InitFOCAdditionalMethods
 .text.FF_SetFFConstants
                0x0800772c       0x1c ../../../MCSDK_v5.3.3/MotorControl/lib\libmc-truestudio_M4.lib(feed_forward_ctrl.o)
                0x0800772c                FF_SetFFConstants
 .text.FF_GetFFConstants
                0x08007748       0x14 ../../../MCSDK_v5.3.3/MotorControl/lib\libmc-truestudio_M4.lib(feed_forward_ctrl.o)
                0x08007748                FF_GetFFConstants
 .text.FF_GetVqdff
                0x0800775c       0x18 ../../../MCSDK_v5.3.3/MotorControl/lib\libmc-truestudio_M4.lib(feed_forward_ctrl.o)
                0x0800775c                FF_GetVqdff
 .text.FF_GetVqdAvPIout
                0x08007774       0x18 ../../../MCSDK_v5.3.3/MotorControl/lib\libmc-truestudio_M4.lib(feed_forward_ctrl.o)
                0x08007774                FF_GetVqdAvPIout
 .text.STO_PLL_Init
                0x0800778c       0xc4 ../../../MCSDK_v5.3.3/MotorControl/lib\libmc-truestudio_M4.lib(sto_pll_speed_pos_fdbk.o)
                0x0800778c                STO_PLL_Init
 .text.STO_PLL_CalcElAngle
                0x08007850      0x1d0 ../../../MCSDK_v5.3.3/MotorControl/lib\libmc-truestudio_M4.lib(sto_pll_speed_pos_fdbk.o)
                0x08007850                STO_PLL_CalcElAngle
 .text.STO_PLL_CalcAvrgMecSpeed01Hz
                0x08007a20      0x150 ../../../MCSDK_v5.3.3/MotorControl/lib\libmc-truestudio_M4.lib(sto_pll_speed_pos_fdbk.o)
                0x08007a20                STO_PLL_CalcAvrgMecSpeed01Hz
 .text.STO_PLL_CalcAvrgElSpeedDpp
                0x08007b70       0x60 ../../../MCSDK_v5.3.3/MotorControl/lib\libmc-truestudio_M4.lib(sto_pll_speed_pos_fdbk.o)
                0x08007b70                STO_PLL_CalcAvrgElSpeedDpp
 .text.STO_PLL_Clear
                0x08007bd0       0x60 ../../../MCSDK_v5.3.3/MotorControl/lib\libmc-truestudio_M4.lib(sto_pll_speed_pos_fdbk.o)
                0x08007bd0                STO_PLL_Clear
 .text.STO_PLL_IsObserverConverged
                0x08007c30       0xac ../../../MCSDK_v5.3.3/MotorControl/lib\libmc-truestudio_M4.lib(sto_pll_speed_pos_fdbk.o)
                0x08007c30                STO_PLL_IsObserverConverged
 .text.STO_PLL_GetEstimatedBemf
                0x08007cdc       0x18 ../../../MCSDK_v5.3.3/MotorControl/lib\libmc-truestudio_M4.lib(sto_pll_speed_pos_fdbk.o)
                0x08007cdc                STO_PLL_GetEstimatedBemf
 .text.STO_PLL_GetEstimatedCurrent
                0x08007cf4       0x28 ../../../MCSDK_v5.3.3/MotorControl/lib\libmc-truestudio_M4.lib(sto_pll_speed_pos_fdbk.o)
                0x08007cf4                STO_PLL_GetEstimatedCurrent
 .text.STO_PLL_GetObserverGains
                0x08007d1c       0x10 ../../../MCSDK_v5.3.3/MotorControl/lib\libmc-truestudio_M4.lib(sto_pll_speed_pos_fdbk.o)
                0x08007d1c                STO_PLL_GetObserverGains
 .text.STO_PLL_SetObserverGains
                0x08007d2c        0x8 ../../../MCSDK_v5.3.3/MotorControl/lib\libmc-truestudio_M4.lib(sto_pll_speed_pos_fdbk.o)
                0x08007d2c                STO_PLL_SetObserverGains
 .text.STO_GetPLLGains
                0x08007d34       0x1c ../../../MCSDK_v5.3.3/MotorControl/lib\libmc-truestudio_M4.lib(sto_pll_speed_pos_fdbk.o)
                0x08007d34                STO_GetPLLGains
 .text.STO_SetPLLGains
                0x08007d50       0x1c ../../../MCSDK_v5.3.3/MotorControl/lib\libmc-truestudio_M4.lib(sto_pll_speed_pos_fdbk.o)
                0x08007d50                STO_SetPLLGains
 .text.STO_OTF_ResetPLL
                0x08007d6c        0xc ../../../MCSDK_v5.3.3/MotorControl/lib\libmc-truestudio_M4.lib(sto_pll_speed_pos_fdbk.o)
                0x08007d6c                STO_OTF_ResetPLL
 .text.STO_ResetPLL
                0x08007d78        0x8 ../../../MCSDK_v5.3.3/MotorControl/lib\libmc-truestudio_M4.lib(sto_pll_speed_pos_fdbk.o)
                0x08007d78                STO_ResetPLL
 .text.STO_PLL_GetEstimatedBemfLevel
                0x08007d80        0x8 ../../../MCSDK_v5.3.3/MotorControl/lib\libmc-truestudio_M4.lib(sto_pll_speed_pos_fdbk.o)
                0x08007d80                STO_PLL_GetEstimatedBemfLevel
 .text.STO_PLL_GetObservedBemfLevel
                0x08007d88        0x8 ../../../MCSDK_v5.3.3/MotorControl/lib\libmc-truestudio_M4.lib(sto_pll_speed_pos_fdbk.o)
                0x08007d88                STO_PLL_GetObservedBemfLevel
 .text.STO_PLL_IsVarianceTight
                0x08007d90        0x8 ../../../MCSDK_v5.3.3/MotorControl/lib\libmc-truestudio_M4.lib(sto_pll_speed_pos_fdbk.o)
                0x08007d90                STO_PLL_IsVarianceTight
 .text.STO_PLL_ForceConvergency1
                0x08007d98        0xc ../../../MCSDK_v5.3.3/MotorControl/lib\libmc-truestudio_M4.lib(sto_pll_speed_pos_fdbk.o)
                0x08007d98                STO_PLL_ForceConvergency1
 .text.STO_PLL_ForceConvergency2
                0x08007da4        0xc ../../../MCSDK_v5.3.3/MotorControl/lib\libmc-truestudio_M4.lib(sto_pll_speed_pos_fdbk.o)
                0x08007da4                STO_PLL_ForceConvergency2
 .text.RUC_Init
                0x08007db0       0x7c ../../../MCSDK_v5.3.3/MotorControl/lib\libmc-truestudio_M4.lib(revup_ctrl.o)
                0x08007db0                RUC_Init
 .text.RUC_Clear
                0x08007e2c       0x90 ../../../MCSDK_v5.3.3/MotorControl/lib\libmc-truestudio_M4.lib(revup_ctrl.o)
                0x08007e2c                RUC_Clear
 .text.RUC_Exec
                0x08007ebc       0x70 ../../../MCSDK_v5.3.3/MotorControl/lib\libmc-truestudio_M4.lib(revup_ctrl.o)
                0x08007ebc                RUC_Exec
 .text.RUC_FirstAccelerationStageReached
                0x08007f2c       0x14 ../../../MCSDK_v5.3.3/MotorControl/lib\libmc-truestudio_M4.lib(revup_ctrl.o)
                0x08007f2c                RUC_FirstAccelerationStageReached
 .text.RUC_SetPhaseDurationms
                0x08007f40        0xc ../../../MCSDK_v5.3.3/MotorControl/lib\libmc-truestudio_M4.lib(revup_ctrl.o)
                0x08007f40                RUC_SetPhaseDurationms
 .text.RUC_SetPhaseFinalMecSpeed01Hz
                0x08007f4c        0xc ../../../MCSDK_v5.3.3/MotorControl/lib\libmc-truestudio_M4.lib(revup_ctrl.o)
                0x08007f4c                RUC_SetPhaseFinalMecSpeed01Hz
 .text.RUC_SetPhaseFinalTorque
                0x08007f58        0xc ../../../MCSDK_v5.3.3/MotorControl/lib\libmc-truestudio_M4.lib(revup_ctrl.o)
                0x08007f58                RUC_SetPhaseFinalTorque
 .text.RUC_GetPhaseDurationms
                0x08007f64        0xc ../../../MCSDK_v5.3.3/MotorControl/lib\libmc-truestudio_M4.lib(revup_ctrl.o)
                0x08007f64                RUC_GetPhaseDurationms
 .text.RUC_GetPhaseFinalMecSpeed01Hz
                0x08007f70       0x10 ../../../MCSDK_v5.3.3/MotorControl/lib\libmc-truestudio_M4.lib(revup_ctrl.o)
                0x08007f70                RUC_GetPhaseFinalMecSpeed01Hz
 .text.RUC_GetPhaseFinalTorque
                0x08007f80       0x10 ../../../MCSDK_v5.3.3/MotorControl/lib\libmc-truestudio_M4.lib(revup_ctrl.o)
                0x08007f80                RUC_GetPhaseFinalTorque
 .text.RUC_GetNumberOfPhases
                0x08007f90        0x8 ../../../MCSDK_v5.3.3/MotorControl/lib\libmc-truestudio_M4.lib(revup_ctrl.o)
                0x08007f90                RUC_GetNumberOfPhases
 .text.__libc_init_array
                0x08007f98       0x48 c:/program files (x86)/atollic/truestudio for stm32 9.1.0/armtools/bin/../lib/gcc/arm-atollic-eabi/6.3.1/../../../../arm-atollic-eabi/lib/armv7e-m/fpu\libc_nano.a(lib_a-init.o)
                0x08007f98                __libc_init_array
 .text.memset   0x08007fe0       0x10 c:/program files (x86)/atollic/truestudio for stm32 9.1.0/armtools/bin/../lib/gcc/arm-atollic-eabi/6.3.1/../../../../arm-atollic-eabi/lib/armv7e-m/fpu\libc_nano.a(lib_a-memset.o)
                0x08007fe0                memset
 *(.glue_7)
 .glue_7        0x08007ff0        0x0 linker stubs
 *(.glue_7t)
 .glue_7t       0x08007ff0        0x0 linker stubs
 *(.eh_frame)
 .eh_frame      0x08007ff0        0x0 c:/program files (x86)/atollic/truestudio for stm32 9.1.0/armtools/bin/../lib/gcc/arm-atollic-eabi/6.3.1/armv7e-m/fpu/crtbegin.o
 *(.init)
 .init          0x08007ff0        0x4 c:/program files (x86)/atollic/truestudio for stm32 9.1.0/armtools/bin/../lib/gcc/arm-atollic-eabi/6.3.1/armv7e-m/fpu/crti.o
                0x08007ff0                _init
 .init          0x08007ff4        0x8 c:/program files (x86)/atollic/truestudio for stm32 9.1.0/armtools/bin/../lib/gcc/arm-atollic-eabi/6.3.1/armv7e-m/fpu/crtn.o
 *(.fini)
 .fini          0x08007ffc        0x4 c:/program files (x86)/atollic/truestudio for stm32 9.1.0/armtools/bin/../lib/gcc/arm-atollic-eabi/6.3.1/armv7e-m/fpu/crti.o
                0x08007ffc                _fini
 .fini          0x08008000        0x8 c:/program files (x86)/atollic/truestudio for stm32 9.1.0/armtools/bin/../lib/gcc/arm-atollic-eabi/6.3.1/armv7e-m/fpu/crtn.o
                0x08008008                . = ALIGN (0x4)
                0x08008008                _etext = .

.vfp11_veneer   0x08008008        0x0
 .vfp11_veneer  0x08008008        0x0 linker stubs

.v4_bx          0x08008008        0x0
 .v4_bx         0x08008008        0x0 linker stubs

.iplt           0x08008008        0x0
 .iplt          0x08008008        0x0 c:/program files (x86)/atollic/truestudio for stm32 9.1.0/armtools/bin/../lib/gcc/arm-atollic-eabi/6.3.1/armv7e-m/fpu/crtbegin.o

.rodata         0x08008008      0x2b8
                0x08008008                . = ALIGN (0x4)
 *(.rodata)
 *(.rodata*)
 .rodata.R3_1_F30XParamsM1
                0x08008008       0x54 Application\User\mc_parameters.o
                0x08008008                R3_1_F30XParamsM1
 .rodata.s_fwVer
                0x0800805c       0x20 Application\User\motorcontrol.o
                0x0800805c                s_fwVer
 .rodata.AHBPrescTable
                0x0800807c       0x10 Drivers\CMSIS\system_stm32f3xx.o
                0x0800807c                AHBPrescTable
 .rodata.APBPrescTable
                0x0800808c        0x8 Drivers\CMSIS\system_stm32f3xx.o
                0x0800808c                APBPrescTable
 .rodata.aPLLMULFactorTable
                0x08008094       0x10 Drivers\STM32F3xx_HAL_Driver\stm32f3xx_hal_rcc.o
                0x08008094                aPLLMULFactorTable
 .rodata.aPredivFactorTable
                0x080080a4       0x10 Drivers\STM32F3xx_HAL_Driver\stm32f3xx_hal_rcc.o
                0x080080a4                aPredivFactorTable
 .rodata.CSWTCH.45
                0x080080b4        0x4 Drivers\STM32F3xx_HAL_Driver\stm32f3xx_hal_uart.o
 .rodata.hSin_Cos_Table
                0x080080b8      0x200 Middlewares\MotorControl\mc_math.o
                0x080080b8                hSin_Cos_Table
 .rodata.UFCP_Usart_Timeout_none
                0x080082b8        0x2 Middlewares\MotorControl\usart_frame_communication_protocol.o
 .rodata.UFCP_Usart_Timeout_start
                0x080082ba        0x2 Middlewares\MotorControl\usart_frame_communication_protocol.o
 .rodata.UFCP_Usart_Timeout_stop
                0x080082bc        0x2 Middlewares\MotorControl\usart_frame_communication_protocol.o
                0x080082c0                . = ALIGN (0x4)
 *fill*         0x080082be        0x2 

.rel.dyn        0x080082c0        0x0
 .rel.iplt      0x080082c0        0x0 c:/program files (x86)/atollic/truestudio for stm32 9.1.0/armtools/bin/../lib/gcc/arm-atollic-eabi/6.3.1/armv7e-m/fpu/crtbegin.o

.ARM.extab
 *(.ARM.extab* .gnu.linkonce.armextab.*)

.ARM            0x080082c0        0x0
                0x080082c0                __exidx_start = .
 *(.ARM.exidx*)
                0x080082c0                __exidx_end = .

.preinit_array  0x080082c0        0x0
                0x080082c0                PROVIDE (__preinit_array_start, .)
 *(.preinit_array*)
                0x080082c0                PROVIDE (__preinit_array_end, .)

.init_array     0x080082c0        0x4
                0x080082c0                PROVIDE (__init_array_start, .)
 *(SORT(.init_array.*))
 *(.init_array*)
 .init_array    0x080082c0        0x4 c:/program files (x86)/atollic/truestudio for stm32 9.1.0/armtools/bin/../lib/gcc/arm-atollic-eabi/6.3.1/armv7e-m/fpu/crtbegin.o
                0x080082c4                PROVIDE (__init_array_end, .)

.fini_array     0x080082c4        0x4
                [!provide]                PROVIDE (__fini_array_start, .)
 *(SORT(.fini_array.*))
 *(.fini_array*)
 .fini_array    0x080082c4        0x4 c:/program files (x86)/atollic/truestudio for stm32 9.1.0/armtools/bin/../lib/gcc/arm-atollic-eabi/6.3.1/armv7e-m/fpu/crtbegin.o
                [!provide]                PROVIDE (__fini_array_end, .)
                0x080082c8                _sidata = LOADADDR (.data)

.data           0x20000000      0x76c load address 0x080082c8
                0x20000000                . = ALIGN (0x4)
                0x20000000                _sdata = .
 *(.data)
 *(.data*)
 .data.CircleLimitationM1
                0x20000000       0xb2 Application\User\mc_config.o
                0x20000000                CircleLimitationM1
 *fill*         0x200000b2        0x2 
 .data.DAC_UI_Params
                0x200000b4       0x3c Application\User\mc_config.o
                0x200000b4                DAC_UI_Params
 .data.FF_M1    0x200000f0       0x38 Application\User\mc_config.o
                0x200000f0                FF_M1
 .data.PIDIdHandle_M1
                0x20000128       0x2c Application\User\mc_config.o
                0x20000128                PIDIdHandle_M1
 .data.PIDIqHandle_M1
                0x20000154       0x2c Application\User\mc_config.o
                0x20000154                PIDIqHandle_M1
 .data.PIDSpeedHandle_M1
                0x20000180       0x2c Application\User\mc_config.o
                0x20000180                PIDSpeedHandle_M1
 .data.PQD_MotorPowMeasM1
                0x200001ac      0x114 Application\User\mc_config.o
                0x200001ac                PQD_MotorPowMeasM1
 .data.PWM_Handle_M1
                0x200002c0       0xb4 Application\User\mc_config.o
                0x200002c0                PWM_Handle_M1
 .data.RampExtMngrHFParamsM1
                0x20000374       0x18 Application\User\mc_config.o
                0x20000374                RampExtMngrHFParamsM1
 .data.RealBusVoltageSensorParamsM1
                0x2000038c       0x28 Application\User\mc_config.o
                0x2000038c                RealBusVoltageSensorParamsM1
 .data.RevUpControlM1
                0x200003b4       0x78 Application\User\mc_config.o
                0x200003b4                RevUpControlM1
 .data.STO_M1   0x2000042c       0x14 Application\User\mc_config.o
                0x2000042c                STO_M1
 .data.STO_PLL_M1
                0x20000440      0x120 Application\User\mc_config.o
                0x20000440                STO_PLL_M1
 .data.SpeednTorqCtrlM1
                0x20000560       0x34 Application\User\mc_config.o
                0x20000560                SpeednTorqCtrlM1
 .data.TempSensorParamsM1
                0x20000594       0x28 Application\User\mc_config.o
                0x20000594                TempSensorParamsM1
 .data.UI_Params
                0x200005bc       0x30 Application\User\mc_config.o
                0x200005bc                UI_Params
 .data.VirtualSpeedSensorM1
                0x200005ec       0x30 Application\User\mc_config.o
                0x200005ec                VirtualSpeedSensorM1
 .data.pUSART   0x2000061c      0x13c Application\User\mc_config.o
                0x2000061c                pUSART
 .data.wConfig  0x20000758        0x4 Application\User\motorcontrol.o
                0x20000758                wConfig
 .data.SystickDividerCounter.15002
                0x2000075c        0x1 Application\User\stm32f30x_mc_it.o
 *fill*         0x2000075d        0x1 
 .data.bCOMATRTimeCounter
                0x2000075e        0x2 Application\User\ui_task.o
 .data.SystemCoreClock
                0x20000760        0x4 Drivers\CMSIS\system_stm32f3xx.o
                0x20000760                SystemCoreClock
 .data.uwTickFreq
                0x20000764        0x1 Drivers\STM32F3xx_HAL_Driver\stm32f3xx_hal.o
                0x20000764                uwTickFreq
 *fill*         0x20000765        0x3 
 .data.uwTickPrio
                0x20000768        0x4 Drivers\STM32F3xx_HAL_Driver\stm32f3xx_hal.o
                0x20000768                uwTickPrio
                0x2000076c                . = ALIGN (0x4)
                0x2000076c                _edata = .

.igot.plt       0x2000076c        0x0 load address 0x08008a34
 .igot.plt      0x2000076c        0x0 c:/program files (x86)/atollic/truestudio for stm32 9.1.0/armtools/bin/../lib/gcc/arm-atollic-eabi/6.3.1/armv7e-m/fpu/crtbegin.o
                0x2000076c                . = ALIGN (0x4)

.bss            0x2000076c      0x344 load address 0x08008a34
                0x2000076c                _sbss = .
                0x2000076c                __bss_start__ = _sbss
 *(.bss)
 .bss           0x2000076c       0x1c c:/program files (x86)/atollic/truestudio for stm32 9.1.0/armtools/bin/../lib/gcc/arm-atollic-eabi/6.3.1/armv7e-m/fpu/crtbegin.o
 *(.bss*)
 .bss.bMCBootCompleted
                0x20000788        0x1 Application\User\mc_tasks.o
                0x20000788                bMCBootCompleted
 *fill*         0x20000789        0x1 
 .bss.hBootCapDelayCounterM1
                0x2000078a        0x2 Application\User\mc_tasks.o
 .bss.hMFTaskCounterM1
                0x2000078c        0x2 Application\User\mc_tasks.o
 .bss.hStopPermanencyCounterM1
                0x2000078e        0x2 Application\User\mc_tasks.o
 .bss.MPInfo    0x20000790        0x8 Application\User\motor_control_protocol.o
                0x20000790                MPInfo
 .bss.bCOMTimeoutCounter
                0x20000798        0x2 Application\User\ui_task.o
 .bss.bUITaskCounter
                0x2000079a        0x2 Application\User\ui_task.o
 .bss.pDAC      0x2000079c        0x4 Application\User\ui_task.o
                0x2000079c                pDAC
 .bss.pMCP      0x200007a0        0x4 Application\User\ui_task.o
                0x200007a0                pMCP
 *(COMMON)
 COMMON         0x200007a4      0x118 Application\User\main.o
                0x200007a4                hadc1
                0x200007f8                hdac
                0x2000080c                htim1
                0x2000084c                huart2
 COMMON         0x200008bc        0xc Application\User\mc_config.o
                0x200008bc                RealBusVoltageSensorFilterBufferM1
 COMMON         0x200008c8       0xd4 Application\User\mc_tasks.o
                0x200008c8                pOCPDisabling
                0x200008cc                pFF
                0x200008d0                pTemperatureSensor
                0x200008d4                pwmcHandle
                0x200008d8                pPIDSpeed
                0x200008dc                pPIDIq
                0x200008e0                oMCInterface
                0x200008e4                pR_Brake
                0x200008e8                FOCVars
                0x20000910                MCT
                0x20000960                pCLM
                0x20000964                pBusSensorM1
                0x20000968                Mci
                0x20000984                STM
                0x2000098c                pREMNG
                0x20000990                pMPM
                0x20000994                pPIDId
                0x20000998                pSTC
 COMMON         0x2000099c        0x8 Application\User\motorcontrol.o
                0x2000099c                pMCI
                0x200009a0                pMCT
 COMMON         0x200009a4       0x3a Application\User\regular_conversion_manager.o
                0x200009a4                RCM_UserConvHandle
                0x200009a8                RCM_CB_array
                0x200009c8                RCM_UserConvState
                0x200009cc                RCM_handle_array
                0x200009dc                RCM_UserConvValue
 *fill*         0x200009de        0x2 
 COMMON         0x200009e0       0xcc Application\User\ui_task.o
                0x200009e0                MCP_UI_Params
 COMMON         0x20000aac        0x4 Drivers\STM32F3xx_HAL_Driver\stm32f3xx_hal.o
                0x20000aac                uwTick
                0x20000ab0                . = ALIGN (0x4)
                0x20000ab0                _ebss = .
                0x20000ab0                __bss_end__ = _ebss

._user_heap_stack
                0x20000ab0      0x600 load address 0x08008a34
                0x20000ab0                . = ALIGN (0x4)
                0x20000ab0                PROVIDE (end, .)
                [!provide]                PROVIDE (_end, .)
                0x20000cb0                . = (. + _Min_Heap_Size)
 *fill*         0x20000ab0      0x200 
                0x200010b0                . = (. + _Min_Stack_Size)
 *fill*         0x20000cb0      0x400 
                0x200010b0                . = ALIGN (0x4)

/DISCARD/
 libc.a(*)
 libm.a(*)
 libgcc.a(*)

.ARM.attributes
                0x00000000       0x30
 *(.ARM.attributes)
 .ARM.attributes
                0x00000000       0x22 c:/program files (x86)/atollic/truestudio for stm32 9.1.0/armtools/bin/../lib/gcc/arm-atollic-eabi/6.3.1/armv7e-m/fpu/crti.o
 .ARM.attributes
                0x00000022       0x34 c:/program files (x86)/atollic/truestudio for stm32 9.1.0/armtools/bin/../lib/gcc/arm-atollic-eabi/6.3.1/armv7e-m/fpu/crtbegin.o
 .ARM.attributes
                0x00000056       0x21 Application\TrueSTUDIO\startup_stm32f302x8.o
 .ARM.attributes
                0x00000077       0x35 Application\User\main.o
 .ARM.attributes
                0x000000ac       0x35 Application\User\mc_api.o
 .ARM.attributes
                0x000000e1       0x35 Application\User\mc_config.o
 .ARM.attributes
                0x00000116       0x35 Application\User\mc_parameters.o
 .ARM.attributes
                0x0000014b       0x35 Application\User\mc_tasks.o
 .ARM.attributes
                0x00000180       0x35 Application\User\motor_control_protocol.o
 .ARM.attributes
                0x000001b5       0x35 Application\User\motorcontrol.o
 .ARM.attributes
                0x000001ea       0x35 Application\User\regular_conversion_manager.o
 .ARM.attributes
                0x0000021f       0x35 Application\User\stm32f30x_mc_it.o
 .ARM.attributes
                0x00000254       0x35 Application\User\stm32f3xx_hal_msp.o
 .ARM.attributes
                0x00000289       0x35 Application\User\ui_task.o
 .ARM.attributes
                0x000002be       0x35 Application\User\user_interface.o
 .ARM.attributes
                0x000002f3       0x35 Drivers\CMSIS\system_stm32f3xx.o
 .ARM.attributes
                0x00000328       0x35 Drivers\STM32F3xx_HAL_Driver\stm32f3xx_hal.o
 .ARM.attributes
                0x0000035d       0x35 Drivers\STM32F3xx_HAL_Driver\stm32f3xx_hal_adc_ex.o
 .ARM.attributes
                0x00000392       0x35 Drivers\STM32F3xx_HAL_Driver\stm32f3xx_hal_cortex.o
 .ARM.attributes
                0x000003c7       0x35 Drivers\STM32F3xx_HAL_Driver\stm32f3xx_hal_dac.o
 .ARM.attributes
                0x000003fc       0x35 Drivers\STM32F3xx_HAL_Driver\stm32f3xx_hal_dac_ex.o
 .ARM.attributes
                0x00000431       0x35 Drivers\STM32F3xx_HAL_Driver\stm32f3xx_hal_gpio.o
 .ARM.attributes
                0x00000466       0x35 Drivers\STM32F3xx_HAL_Driver\stm32f3xx_hal_rcc.o
 .ARM.attributes
                0x0000049b       0x35 Drivers\STM32F3xx_HAL_Driver\stm32f3xx_hal_rcc_ex.o
 .ARM.attributes
                0x000004d0       0x35 Drivers\STM32F3xx_HAL_Driver\stm32f3xx_hal_tim.o
 .ARM.attributes
                0x00000505       0x35 Drivers\STM32F3xx_HAL_Driver\stm32f3xx_hal_tim_ex.o
 .ARM.attributes
                0x0000053a       0x35 Drivers\STM32F3xx_HAL_Driver\stm32f3xx_hal_uart.o
 .ARM.attributes
                0x0000056f       0x35 Middlewares\MotorControl\bus_voltage_sensor.o
 .ARM.attributes
                0x000005a4       0x35 Middlewares\MotorControl\circle_limitation.o
 .ARM.attributes
                0x000005d9       0x35 Middlewares\MotorControl\dac_common_ui.o
 .ARM.attributes
                0x0000060e       0x35 Middlewares\MotorControl\dac_ui.o
 .ARM.attributes
                0x00000643       0x35 Middlewares\MotorControl\frame_communication_protocol.o
 .ARM.attributes
                0x00000678       0x35 Middlewares\MotorControl\mc_interface.o
 .ARM.attributes
                0x000006ad       0x35 Middlewares\MotorControl\mc_math.o
 .ARM.attributes
                0x000006e2       0x35 Middlewares\MotorControl\motor_power_measurement.o
 .ARM.attributes
                0x00000717       0x35 Middlewares\MotorControl\ntc_temperature_sensor.o
 .ARM.attributes
                0x0000074c       0x35 Middlewares\MotorControl\pid_regulator.o
 .ARM.attributes
                0x00000781       0x35 Middlewares\MotorControl\pqd_motor_power_measurement.o
 .ARM.attributes
                0x000007b6       0x35 Middlewares\MotorControl\pwm_common.o
 .ARM.attributes
                0x000007eb       0x35 Middlewares\MotorControl\pwm_curr_fdbk.o
 .ARM.attributes
                0x00000820       0x35 Middlewares\MotorControl\r3_1_f30x_pwm_curr_fdbk.o
 .ARM.attributes
                0x00000855       0x35 Middlewares\MotorControl\r_divider_bus_voltage_sensor.o
 .ARM.attributes
                0x0000088a       0x35 Middlewares\MotorControl\ramp_ext_mngr.o
 .ARM.attributes
                0x000008bf       0x35 Middlewares\MotorControl\speed_pos_fdbk.o
 .ARM.attributes
                0x000008f4       0x35 Middlewares\MotorControl\speed_torq_ctrl.o
 .ARM.attributes
                0x00000929       0x35 Middlewares\MotorControl\state_machine.o
 .ARM.attributes
                0x0000095e       0x35 Middlewares\MotorControl\usart_frame_communication_protocol.o
 .ARM.attributes
                0x00000993       0x35 Middlewares\MotorControl\virtual_speed_sensor.o
 .ARM.attributes
                0x000009c8       0x35 ../../../MCSDK_v5.3.3/MotorControl/lib\libmc-truestudio_M4.lib(feed_forward_ctrl.o)
 .ARM.attributes
                0x000009fd       0x35 ../../../MCSDK_v5.3.3/MotorControl/lib\libmc-truestudio_M4.lib(sto_pll_speed_pos_fdbk.o)
 .ARM.attributes
                0x00000a32       0x35 ../../../MCSDK_v5.3.3/MotorControl/lib\libmc-truestudio_M4.lib(revup_ctrl.o)
 .ARM.attributes
                0x00000a67       0x34 c:/program files (x86)/atollic/truestudio for stm32 9.1.0/armtools/bin/../lib/gcc/arm-atollic-eabi/6.3.1/../../../../arm-atollic-eabi/lib/armv7e-m/fpu\libc_nano.a(lib_a-init.o)
 .ARM.attributes
                0x00000a9b       0x34 c:/program files (x86)/atollic/truestudio for stm32 9.1.0/armtools/bin/../lib/gcc/arm-atollic-eabi/6.3.1/../../../../arm-atollic-eabi/lib/armv7e-m/fpu\libc_nano.a(lib_a-memset.o)
 .ARM.attributes
                0x00000acf       0x22 c:/program files (x86)/atollic/truestudio for stm32 9.1.0/armtools/bin/../lib/gcc/arm-atollic-eabi/6.3.1/armv7e-m/fpu/crtn.o
OUTPUT(BullRunning.elf elf32-littlearm)

.debug_line     0x00000000    0x15012
 .debug_line    0x00000000       0x7a Application\TrueSTUDIO\startup_stm32f302x8.o
 .debug_line    0x0000007a      0x576 Application\User\main.o
 .debug_line    0x000005f0      0x876 Application\User\mc_api.o
 .debug_line    0x00000e66      0x687 Application\User\mc_config.o
 .debug_line    0x000014ed      0x342 Application\User\mc_parameters.o
 .debug_line    0x0000182f      0xc0f Application\User\mc_tasks.o
 .debug_line    0x0000243e      0x7dc Application\User\motor_control_protocol.o
 .debug_line    0x00002c1a      0x6ca Application\User\motorcontrol.o
 .debug_line    0x000032e4      0x9a0 Application\User\regular_conversion_manager.o
 .debug_line    0x00003c84      0x87d Application\User\stm32f30x_mc_it.o
 .debug_line    0x00004501      0x4d5 Application\User\stm32f3xx_hal_msp.o
 .debug_line    0x000049d6      0x7b0 Application\User\ui_task.o
 .debug_line    0x00005186      0xafc Application\User\user_interface.o
 .debug_line    0x00005c82      0x2da Drivers\CMSIS\system_stm32f3xx.o
 .debug_line    0x00005f5c      0x499 Drivers\STM32F3xx_HAL_Driver\stm32f3xx_hal.o
 .debug_line    0x000063f5     0x11f0 Drivers\STM32F3xx_HAL_Driver\stm32f3xx_hal_adc_ex.o
 .debug_line    0x000075e5      0x49d Drivers\STM32F3xx_HAL_Driver\stm32f3xx_hal_cortex.o
 .debug_line    0x00007a82      0x3fd Drivers\STM32F3xx_HAL_Driver\stm32f3xx_hal_dac.o
 .debug_line    0x00007e7f      0x5a2 Drivers\STM32F3xx_HAL_Driver\stm32f3xx_hal_dac_ex.o
 .debug_line    0x00008421      0x49b Drivers\STM32F3xx_HAL_Driver\stm32f3xx_hal_gpio.o
 .debug_line    0x000088bc      0x956 Drivers\STM32F3xx_HAL_Driver\stm32f3xx_hal_rcc.o
 .debug_line    0x00009212      0x553 Drivers\STM32F3xx_HAL_Driver\stm32f3xx_hal_rcc_ex.o
 .debug_line    0x00009765     0x1b17 Drivers\STM32F3xx_HAL_Driver\stm32f3xx_hal_tim.o
 .debug_line    0x0000b27c      0xaa5 Drivers\STM32F3xx_HAL_Driver\stm32f3xx_hal_tim_ex.o
 .debug_line    0x0000bd21     0x11d3 Drivers\STM32F3xx_HAL_Driver\stm32f3xx_hal_uart.o
 .debug_line    0x0000cef4      0x368 Middlewares\MotorControl\bus_voltage_sensor.o
 .debug_line    0x0000d25c      0x34a Middlewares\MotorControl\circle_limitation.o
 .debug_line    0x0000d5a6      0x5ed Middlewares\MotorControl\dac_common_ui.o
 .debug_line    0x0000db93      0x62b Middlewares\MotorControl\dac_ui.o
 .debug_line    0x0000e1be      0x68a Middlewares\MotorControl\frame_communication_protocol.o
 .debug_line    0x0000e848      0x640 Middlewares\MotorControl\mc_interface.o
 .debug_line    0x0000ee88      0x452 Middlewares\MotorControl\mc_math.o
 .debug_line    0x0000f2da      0x38a Middlewares\MotorControl\motor_power_measurement.o
 .debug_line    0x0000f664      0x421 Middlewares\MotorControl\ntc_temperature_sensor.o
 .debug_line    0x0000fa85      0x4bc Middlewares\MotorControl\pid_regulator.o
 .debug_line    0x0000ff41      0x396 Middlewares\MotorControl\pqd_motor_power_measurement.o
 .debug_line    0x000102d7      0x351 Middlewares\MotorControl\pwm_common.o
 .debug_line    0x00010628      0x5b2 Middlewares\MotorControl\pwm_curr_fdbk.o
 .debug_line    0x00010bda     0x11d5 Middlewares\MotorControl\r3_1_f30x_pwm_curr_fdbk.o
 .debug_line    0x00011daf      0x4b8 Middlewares\MotorControl\r_divider_bus_voltage_sensor.o
 .debug_line    0x00012267      0x41c Middlewares\MotorControl\ramp_ext_mngr.o
 .debug_line    0x00012683      0x3dd Middlewares\MotorControl\speed_pos_fdbk.o
 .debug_line    0x00012a60      0x509 Middlewares\MotorControl\speed_torq_ctrl.o
 .debug_line    0x00012f69      0x44d Middlewares\MotorControl\state_machine.o
 .debug_line    0x000133b6      0x58a Middlewares\MotorControl\usart_frame_communication_protocol.o
 .debug_line    0x00013940      0x4d7 Middlewares\MotorControl\virtual_speed_sensor.o
 .debug_line    0x00013e17      0x4ae ../../../MCSDK_v5.3.3/MotorControl/lib\libmc-truestudio_M4.lib(feed_forward_ctrl.o)
 .debug_line    0x000142c5      0x7aa ../../../MCSDK_v5.3.3/MotorControl/lib\libmc-truestudio_M4.lib(sto_pll_speed_pos_fdbk.o)
 .debug_line    0x00014a6f      0x5a3 ../../../MCSDK_v5.3.3/MotorControl/lib\libmc-truestudio_M4.lib(revup_ctrl.o)

.debug_info     0x00000000    0x611ea
 .debug_info    0x00000000       0xa4 Application\TrueSTUDIO\startup_stm32f302x8.o
 .debug_info    0x000000a4     0x2690 Application\User\main.o
 .debug_info    0x00002734     0x3e52 Application\User\mc_api.o
 .debug_info    0x00006586     0x39ca Application\User\mc_config.o
 .debug_info    0x00009f50      0xfed Application\User\mc_parameters.o
 .debug_info    0x0000af3d     0x56aa Application\User\mc_tasks.o
 .debug_info    0x000105e7     0x3cfb Application\User\motor_control_protocol.o
 .debug_info    0x000142e2     0x39b6 Application\User\motorcontrol.o
 .debug_info    0x00017c98     0x42b2 Application\User\regular_conversion_manager.o
 .debug_info    0x0001bf4a     0x3f44 Application\User\stm32f30x_mc_it.o
 .debug_info    0x0001fe8e     0x1d7a Application\User\stm32f3xx_hal_msp.o
 .debug_info    0x00021c08     0x3cf0 Application\User\ui_task.o
 .debug_info    0x000258f8     0x4e5e Application\User\user_interface.o
 .debug_info    0x0002a756      0xc74 Drivers\CMSIS\system_stm32f3xx.o
 .debug_info    0x0002b3ca     0x1054 Drivers\STM32F3xx_HAL_Driver\stm32f3xx_hal.o
 .debug_info    0x0002c41e     0x2337 Drivers\STM32F3xx_HAL_Driver\stm32f3xx_hal_adc_ex.o
 .debug_info    0x0002e755     0x14ec Drivers\STM32F3xx_HAL_Driver\stm32f3xx_hal_cortex.o
 .debug_info    0x0002fc41     0x1120 Drivers\STM32F3xx_HAL_Driver\stm32f3xx_hal_dac.o
 .debug_info    0x00030d61     0x1162 Drivers\STM32F3xx_HAL_Driver\stm32f3xx_hal_dac_ex.o
 .debug_info    0x00031ec3      0xf38 Drivers\STM32F3xx_HAL_Driver\stm32f3xx_hal_gpio.o
 .debug_info    0x00032dfb     0x1cc7 Drivers\STM32F3xx_HAL_Driver\stm32f3xx_hal_rcc.o
 .debug_info    0x00034ac2      0xfe6 Drivers\STM32F3xx_HAL_Driver\stm32f3xx_hal_rcc_ex.o
 .debug_info    0x00035aa8     0x46db Drivers\STM32F3xx_HAL_Driver\stm32f3xx_hal_tim.o
 .debug_info    0x0003a183     0x2061 Drivers\STM32F3xx_HAL_Driver\stm32f3xx_hal_tim_ex.o
 .debug_info    0x0003c1e4     0x29a5 Drivers\STM32F3xx_HAL_Driver\stm32f3xx_hal_uart.o
 .debug_info    0x0003eb89      0xb74 Middlewares\MotorControl\bus_voltage_sensor.o
 .debug_info    0x0003f6fd      0xb48 Middlewares\MotorControl\circle_limitation.o
 .debug_info    0x00040245     0x306f Middlewares\MotorControl\dac_common_ui.o
 .debug_info    0x000432b4     0x322e Middlewares\MotorControl\dac_ui.o
 .debug_info    0x000464e2     0x334f Middlewares\MotorControl\frame_communication_protocol.o
 .debug_info    0x00049831     0x185d Middlewares\MotorControl\mc_interface.o
 .debug_info    0x0004b08e      0xe58 Middlewares\MotorControl\mc_math.o
 .debug_info    0x0004bee6      0xbb0 Middlewares\MotorControl\motor_power_measurement.o
 .debug_info    0x0004ca96      0xf38 Middlewares\MotorControl\ntc_temperature_sensor.o
 .debug_info    0x0004d9ce      0xffa Middlewares\MotorControl\pid_regulator.o
 .debug_info    0x0004e9c8      0xd47 Middlewares\MotorControl\pqd_motor_power_measurement.o
 .debug_info    0x0004f70f      0xdec Middlewares\MotorControl\pwm_common.o
 .debug_info    0x000504fb     0x1493 Middlewares\MotorControl\pwm_curr_fdbk.o
 .debug_info    0x0005198e     0x4368 Middlewares\MotorControl\r3_1_f30x_pwm_curr_fdbk.o
 .debug_info    0x00055cf6     0x103f Middlewares\MotorControl\r_divider_bus_voltage_sensor.o
 .debug_info    0x00056d35      0xe05 Middlewares\MotorControl\ramp_ext_mngr.o
 .debug_info    0x00057b3a      0xd17 Middlewares\MotorControl\speed_pos_fdbk.o
 .debug_info    0x00058851     0x11d4 Middlewares\MotorControl\speed_torq_ctrl.o
 .debug_info    0x00059a25      0xcf8 Middlewares\MotorControl\state_machine.o
 .debug_info    0x0005a71d     0x14d5 Middlewares\MotorControl\usart_frame_communication_protocol.o
 .debug_info    0x0005bbf2      0xf31 Middlewares\MotorControl\virtual_speed_sensor.o
 .debug_info    0x0005cb23     0x1325 ../../../MCSDK_v5.3.3/MotorControl/lib\libmc-truestudio_M4.lib(feed_forward_ctrl.o)
 .debug_info    0x0005de48     0x1b12 ../../../MCSDK_v5.3.3/MotorControl/lib\libmc-truestudio_M4.lib(sto_pll_speed_pos_fdbk.o)
 .debug_info    0x0005f95a     0x1890 ../../../MCSDK_v5.3.3/MotorControl/lib\libmc-truestudio_M4.lib(revup_ctrl.o)

.debug_abbrev   0x00000000     0x89c3
 .debug_abbrev  0x00000000       0x12 Application\TrueSTUDIO\startup_stm32f302x8.o
 .debug_abbrev  0x00000012      0x32d Application\User\main.o
 .debug_abbrev  0x0000033f      0x28d Application\User\mc_api.o
 .debug_abbrev  0x000005cc      0x1f1 Application\User\mc_config.o
 .debug_abbrev  0x000007bd      0x1a1 Application\User\mc_parameters.o
 .debug_abbrev  0x0000095e      0x44c Application\User\mc_tasks.o
 .debug_abbrev  0x00000daa      0x399 Application\User\motor_control_protocol.o
 .debug_abbrev  0x00001143      0x246 Application\User\motorcontrol.o
 .debug_abbrev  0x00001389      0x3bb Application\User\regular_conversion_manager.o
 .debug_abbrev  0x00001744      0x339 Application\User\stm32f30x_mc_it.o
 .debug_abbrev  0x00001a7d      0x264 Application\User\stm32f3xx_hal_msp.o
 .debug_abbrev  0x00001ce1      0x2e1 Application\User\ui_task.o
 .debug_abbrev  0x00001fc2      0x438 Application\User\user_interface.o
 .debug_abbrev  0x000023fa      0x1e2 Drivers\CMSIS\system_stm32f3xx.o
 .debug_abbrev  0x000025dc      0x2f5 Drivers\STM32F3xx_HAL_Driver\stm32f3xx_hal.o
 .debug_abbrev  0x000028d1      0x38e Drivers\STM32F3xx_HAL_Driver\stm32f3xx_hal_adc_ex.o
 .debug_abbrev  0x00002c5f      0x374 Drivers\STM32F3xx_HAL_Driver\stm32f3xx_hal_cortex.o
 .debug_abbrev  0x00002fd3      0x27e Drivers\STM32F3xx_HAL_Driver\stm32f3xx_hal_dac.o
 .debug_abbrev  0x00003251      0x2ab Drivers\STM32F3xx_HAL_Driver\stm32f3xx_hal_dac_ex.o
 .debug_abbrev  0x000034fc      0x277 Drivers\STM32F3xx_HAL_Driver\stm32f3xx_hal_gpio.o
 .debug_abbrev  0x00003773      0x388 Drivers\STM32F3xx_HAL_Driver\stm32f3xx_hal_rcc.o
 .debug_abbrev  0x00003afb      0x31f Drivers\STM32F3xx_HAL_Driver\stm32f3xx_hal_rcc_ex.o
 .debug_abbrev  0x00003e1a      0x3d4 Drivers\STM32F3xx_HAL_Driver\stm32f3xx_hal_tim.o
 .debug_abbrev  0x000041ee      0x36c Drivers\STM32F3xx_HAL_Driver\stm32f3xx_hal_tim_ex.o
 .debug_abbrev  0x0000455a      0x3bc Drivers\STM32F3xx_HAL_Driver\stm32f3xx_hal_uart.o
 .debug_abbrev  0x00004916      0x1db Middlewares\MotorControl\bus_voltage_sensor.o
 .debug_abbrev  0x00004af1      0x1d0 Middlewares\MotorControl\circle_limitation.o
 .debug_abbrev  0x00004cc1      0x243 Middlewares\MotorControl\dac_common_ui.o
 .debug_abbrev  0x00004f04      0x2d6 Middlewares\MotorControl\dac_ui.o
 .debug_abbrev  0x000051da      0x299 Middlewares\MotorControl\frame_communication_protocol.o
 .debug_abbrev  0x00005473      0x2e6 Middlewares\MotorControl\mc_interface.o
 .debug_abbrev  0x00005759      0x2be Middlewares\MotorControl\mc_math.o
 .debug_abbrev  0x00005a17      0x239 Middlewares\MotorControl\motor_power_measurement.o
 .debug_abbrev  0x00005c50      0x2ad Middlewares\MotorControl\ntc_temperature_sensor.o
 .debug_abbrev  0x00005efd      0x2c1 Middlewares\MotorControl\pid_regulator.o
 .debug_abbrev  0x000061be      0x211 Middlewares\MotorControl\pqd_motor_power_measurement.o
 .debug_abbrev  0x000063cf      0x26a Middlewares\MotorControl\pwm_common.o
 .debug_abbrev  0x00006639      0x2ef Middlewares\MotorControl\pwm_curr_fdbk.o
 .debug_abbrev  0x00006928      0x3d4 Middlewares\MotorControl\r3_1_f30x_pwm_curr_fdbk.o
 .debug_abbrev  0x00006cfc      0x2dc Middlewares\MotorControl\r_divider_bus_voltage_sensor.o
 .debug_abbrev  0x00006fd8      0x2a2 Middlewares\MotorControl\ramp_ext_mngr.o
 .debug_abbrev  0x0000727a      0x220 Middlewares\MotorControl\speed_pos_fdbk.o
 .debug_abbrev  0x0000749a      0x301 Middlewares\MotorControl\speed_torq_ctrl.o
 .debug_abbrev  0x0000779b      0x294 Middlewares\MotorControl\state_machine.o
 .debug_abbrev  0x00007a2f      0x371 Middlewares\MotorControl\usart_frame_communication_protocol.o
 .debug_abbrev  0x00007da0      0x2ba Middlewares\MotorControl\virtual_speed_sensor.o
 .debug_abbrev  0x0000805a      0x2fc ../../../MCSDK_v5.3.3/MotorControl/lib\libmc-truestudio_M4.lib(feed_forward_ctrl.o)
 .debug_abbrev  0x00008356      0x3af ../../../MCSDK_v5.3.3/MotorControl/lib\libmc-truestudio_M4.lib(sto_pll_speed_pos_fdbk.o)
 .debug_abbrev  0x00008705      0x2be ../../../MCSDK_v5.3.3/MotorControl/lib\libmc-truestudio_M4.lib(revup_ctrl.o)

.debug_aranges  0x00000000     0x18e8
 .debug_aranges
                0x00000000       0x28 Application\TrueSTUDIO\startup_stm32f302x8.o
 .debug_aranges
                0x00000028       0x30 Application\User\main.o
 .debug_aranges
                0x00000058      0x108 Application\User\mc_api.o
 .debug_aranges
                0x00000160       0x18 Application\User\mc_config.o
 .debug_aranges
                0x00000178       0x18 Application\User\mc_parameters.o
 .debug_aranges
                0x00000190       0x78 Application\User\mc_tasks.o
 .debug_aranges
                0x00000208       0x58 Application\User\motor_control_protocol.o
 .debug_aranges
                0x00000260       0x20 Application\User\motorcontrol.o
 .debug_aranges
                0x00000280       0x50 Application\User\regular_conversion_manager.o
 .debug_aranges
                0x000002d0       0x58 Application\User\stm32f30x_mc_it.o
 .debug_aranges
                0x00000328       0x68 Application\User\stm32f3xx_hal_msp.o
 .debug_aranges
                0x00000390       0x88 Application\User\ui_task.o
 .debug_aranges
                0x00000418       0xb0 Application\User\user_interface.o
 .debug_aranges
                0x000004c8       0x28 Drivers\CMSIS\system_stm32f3xx.o
 .debug_aranges
                0x000004f0       0xd8 Drivers\STM32F3xx_HAL_Driver\stm32f3xx_hal.o
 .debug_aranges
                0x000005c8      0x118 Drivers\STM32F3xx_HAL_Driver\stm32f3xx_hal_adc_ex.o
 .debug_aranges
                0x000006e0       0x90 Drivers\STM32F3xx_HAL_Driver\stm32f3xx_hal_cortex.o
 .debug_aranges
                0x00000770       0x78 Drivers\STM32F3xx_HAL_Driver\stm32f3xx_hal_dac.o
 .debug_aranges
                0x000007e8       0x78 Drivers\STM32F3xx_HAL_Driver\stm32f3xx_hal_dac_ex.o
 .debug_aranges
                0x00000860       0x58 Drivers\STM32F3xx_HAL_Driver\stm32f3xx_hal_gpio.o
 .debug_aranges
                0x000008b8       0x88 Drivers\STM32F3xx_HAL_Driver\stm32f3xx_hal_rcc.o
 .debug_aranges
                0x00000940       0x30 Drivers\STM32F3xx_HAL_Driver\stm32f3xx_hal_rcc_ex.o
 .debug_aranges
                0x00000970      0x260 Drivers\STM32F3xx_HAL_Driver\stm32f3xx_hal_tim.o
 .debug_aranges
                0x00000bd0      0x108 Drivers\STM32F3xx_HAL_Driver\stm32f3xx_hal_tim_ex.o
 .debug_aranges
                0x00000cd8      0x198 Drivers\STM32F3xx_HAL_Driver\stm32f3xx_hal_uart.o
 .debug_aranges
                0x00000e70       0x38 Middlewares\MotorControl\bus_voltage_sensor.o
 .debug_aranges
                0x00000ea8       0x20 Middlewares\MotorControl\circle_limitation.o
 .debug_aranges
                0x00000ec8       0x38 Middlewares\MotorControl\dac_common_ui.o
 .debug_aranges
                0x00000f00       0x28 Middlewares\MotorControl\dac_ui.o
 .debug_aranges
                0x00000f28       0x40 Middlewares\MotorControl\frame_communication_protocol.o
 .debug_aranges
                0x00000f68      0x128 Middlewares\MotorControl\mc_interface.o
 .debug_aranges
                0x00001090       0x48 Middlewares\MotorControl\mc_math.o
 .debug_aranges
                0x000010d8       0x38 Middlewares\MotorControl\motor_power_measurement.o
 .debug_aranges
                0x00001110       0x50 Middlewares\MotorControl\ntc_temperature_sensor.o
 .debug_aranges
                0x00001160       0xc0 Middlewares\MotorControl\pid_regulator.o
 .debug_aranges
                0x00001220       0x20 Middlewares\MotorControl\pqd_motor_power_measurement.o
 .debug_aranges
                0x00001240       0x20 Middlewares\MotorControl\pwm_common.o
 .debug_aranges
                0x00001260      0x100 Middlewares\MotorControl\pwm_curr_fdbk.o
 .debug_aranges
                0x00001360      0x100 Middlewares\MotorControl\r3_1_f30x_pwm_curr_fdbk.o
 .debug_aranges
                0x00001460       0x40 Middlewares\MotorControl\r_divider_bus_voltage_sensor.o
 .debug_aranges
                0x000014a0       0x50 Middlewares\MotorControl\ramp_ext_mngr.o
 .debug_aranges
                0x000014f0       0x60 Middlewares\MotorControl\speed_pos_fdbk.o
 .debug_aranges
                0x00001550       0xb0 Middlewares\MotorControl\speed_torq_ctrl.o
 .debug_aranges
                0x00001600       0x48 Middlewares\MotorControl\state_machine.o
 .debug_aranges
                0x00001648       0x58 Middlewares\MotorControl\usart_frame_communication_protocol.o
 .debug_aranges
                0x000016a0       0x78 Middlewares\MotorControl\virtual_speed_sensor.o
 .debug_aranges
                0x00001718       0x60 ../../../MCSDK_v5.3.3/MotorControl/lib\libmc-truestudio_M4.lib(feed_forward_ctrl.o)
 .debug_aranges
                0x00001778       0xe0 ../../../MCSDK_v5.3.3/MotorControl/lib\libmc-truestudio_M4.lib(sto_pll_speed_pos_fdbk.o)
 .debug_aranges
                0x00001858       0x90 ../../../MCSDK_v5.3.3/MotorControl/lib\libmc-truestudio_M4.lib(revup_ctrl.o)

.debug_ranges   0x00000000     0x3b08
 .debug_ranges  0x00000000       0x20 Application\TrueSTUDIO\startup_stm32f302x8.o
 .debug_ranges  0x00000020       0xc0 Application\User\main.o
 .debug_ranges  0x000000e0       0xf8 Application\User\mc_api.o
 .debug_ranges  0x000001d8      0x380 Application\User\mc_tasks.o
 .debug_ranges  0x00000558      0x100 Application\User\motor_control_protocol.o
 .debug_ranges  0x00000658       0x10 Application\User\motorcontrol.o
 .debug_ranges  0x00000668      0x1c0 Application\User\regular_conversion_manager.o
 .debug_ranges  0x00000828       0x90 Application\User\stm32f30x_mc_it.o
 .debug_ranges  0x000008b8      0x180 Application\User\stm32f3xx_hal_msp.o
 .debug_ranges  0x00000a38       0x78 Application\User\ui_task.o
 .debug_ranges  0x00000ab0      0x260 Application\User\user_interface.o
 .debug_ranges  0x00000d10       0x18 Drivers\CMSIS\system_stm32f3xx.o
 .debug_ranges  0x00000d28       0xc8 Drivers\STM32F3xx_HAL_Driver\stm32f3xx_hal.o
 .debug_ranges  0x00000df0      0x498 Drivers\STM32F3xx_HAL_Driver\stm32f3xx_hal_adc_ex.o
 .debug_ranges  0x00001288      0x148 Drivers\STM32F3xx_HAL_Driver\stm32f3xx_hal_cortex.o
 .debug_ranges  0x000013d0       0x68 Drivers\STM32F3xx_HAL_Driver\stm32f3xx_hal_dac.o
 .debug_ranges  0x00001438       0x68 Drivers\STM32F3xx_HAL_Driver\stm32f3xx_hal_dac_ex.o
 .debug_ranges  0x000014a0       0x60 Drivers\STM32F3xx_HAL_Driver\stm32f3xx_hal_gpio.o